<?xml version="1.0"?>
<link_info>
   <banner>TI ARM Linker Unix v16.9.4.LTS</banner>
   <copyright>Copyright (c) 1996-2017 Texas Instruments Incorporated</copyright>
   <link_time>0x59fdc547</link_time>
   <link_errors>0x0</link_errors>
   <output_file>mybot.out</output_file>
   <entry_point>
      <name>_c_int00</name>
      <address>0x3659</address>
   </entry_point>
   <input_file_list>
      <input_file id="fl-2">
         <path>./</path>
         <kind>object</kind>
         <file>MPU6050.obj</file>
         <name>MPU6050.obj</name>
      </input_file>
      <input_file id="fl-3">
         <path>./</path>
         <kind>object</kind>
         <file>PID.obj</file>
         <name>PID.obj</name>
      </input_file>
      <input_file id="fl-4">
         <path>./</path>
         <kind>object</kind>
         <file>PWM.obj</file>
         <name>PWM.obj</name>
      </input_file>
      <input_file id="fl-5">
         <path>./</path>
         <kind>object</kind>
         <file>gpio.obj</file>
         <name>gpio.obj</name>
      </input_file>
      <input_file id="fl-6">
         <path>./</path>
         <kind>object</kind>
         <file>main.obj</file>
         <name>main.obj</name>
      </input_file>
      <input_file id="fl-7">
         <path>./</path>
         <kind>object</kind>
         <file>qei.obj</file>
         <name>qei.obj</name>
      </input_file>
      <input_file id="fl-8">
         <path>./</path>
         <kind>object</kind>
         <file>tm4c123gh6pm_startup_ccs.obj</file>
         <name>tm4c123gh6pm_startup_ccs.obj</name>
      </input_file>
      <input_file id="fl-9">
         <path>./</path>
         <kind>object</kind>
         <file>uart.obj</file>
         <name>uart.obj</name>
      </input_file>
      <input_file id="fl-e">
         <kind>object</kind>
         <file>&lt;internal&gt;</file>
         <name>&lt;internal&gt;</name>
      </input_file>
      <input_file id="fl-f">
         <path>../</path>
         <kind>archive</kind>
         <file>driverlib.lib</file>
         <name>gpio.obj</name>
      </input_file>
      <input_file id="fl-10">
         <path>../</path>
         <kind>archive</kind>
         <file>driverlib.lib</file>
         <name>i2c.obj</name>
      </input_file>
      <input_file id="fl-11">
         <path>../</path>
         <kind>archive</kind>
         <file>driverlib.lib</file>
         <name>interrupt.obj</name>
      </input_file>
      <input_file id="fl-12">
         <path>../</path>
         <kind>archive</kind>
         <file>driverlib.lib</file>
         <name>sysctl.obj</name>
      </input_file>
      <input_file id="fl-13">
         <path>../</path>
         <kind>archive</kind>
         <file>driverlib.lib</file>
         <name>timer.obj</name>
      </input_file>
      <input_file id="fl-14">
         <path>../</path>
         <kind>archive</kind>
         <file>driverlib.lib</file>
         <name>uart.obj</name>
      </input_file>
      <input_file id="fl-15">
         <path>../</path>
         <kind>archive</kind>
         <file>driverlib.lib</file>
         <name>cpu.obj</name>
      </input_file>
      <input_file id="fl-cb">
         <path>/home/bonho/ti/ccsv7/tools/compiler/ti-cgt-arm_16.9.4.LTS/lib/</path>
         <kind>archive</kind>
         <file>rtsv7M4_T_le_v4SPD16_eabi.lib</file>
         <name>boot.obj</name>
      </input_file>
      <input_file id="fl-cc">
         <path>/home/bonho/ti/ccsv7/tools/compiler/ti-cgt-arm_16.9.4.LTS/lib/</path>
         <kind>archive</kind>
         <file>rtsv7M4_T_le_v4SPD16_eabi.lib</file>
         <name>copy_decompress_lzss.obj</name>
      </input_file>
      <input_file id="fl-cd">
         <path>/home/bonho/ti/ccsv7/tools/compiler/ti-cgt-arm_16.9.4.LTS/lib/</path>
         <kind>archive</kind>
         <file>rtsv7M4_T_le_v4SPD16_eabi.lib</file>
         <name>copy_decompress_none.obj</name>
      </input_file>
      <input_file id="fl-ce">
         <path>/home/bonho/ti/ccsv7/tools/compiler/ti-cgt-arm_16.9.4.LTS/lib/</path>
         <kind>archive</kind>
         <file>rtsv7M4_T_le_v4SPD16_eabi.lib</file>
         <name>copy_zero_init.obj</name>
      </input_file>
      <input_file id="fl-cf">
         <path>/home/bonho/ti/ccsv7/tools/compiler/ti-cgt-arm_16.9.4.LTS/lib/</path>
         <kind>archive</kind>
         <file>rtsv7M4_T_le_v4SPD16_eabi.lib</file>
         <name>e_log10.obj</name>
      </input_file>
      <input_file id="fl-d0">
         <path>/home/bonho/ti/ccsv7/tools/compiler/ti-cgt-arm_16.9.4.LTS/lib/</path>
         <kind>archive</kind>
         <file>rtsv7M4_T_le_v4SPD16_eabi.lib</file>
         <name>e_pow.obj</name>
      </input_file>
      <input_file id="fl-d1">
         <path>/home/bonho/ti/ccsv7/tools/compiler/ti-cgt-arm_16.9.4.LTS/lib/</path>
         <kind>archive</kind>
         <file>rtsv7M4_T_le_v4SPD16_eabi.lib</file>
         <name>e_sqrt.obj</name>
      </input_file>
      <input_file id="fl-d2">
         <path>/home/bonho/ti/ccsv7/tools/compiler/ti-cgt-arm_16.9.4.LTS/lib/</path>
         <kind>archive</kind>
         <file>rtsv7M4_T_le_v4SPD16_eabi.lib</file>
         <name>errno.obj</name>
      </input_file>
      <input_file id="fl-d3">
         <path>/home/bonho/ti/ccsv7/tools/compiler/ti-cgt-arm_16.9.4.LTS/lib/</path>
         <kind>archive</kind>
         <file>rtsv7M4_T_le_v4SPD16_eabi.lib</file>
         <name>exit.obj</name>
      </input_file>
      <input_file id="fl-d4">
         <path>/home/bonho/ti/ccsv7/tools/compiler/ti-cgt-arm_16.9.4.LTS/lib/</path>
         <kind>archive</kind>
         <file>rtsv7M4_T_le_v4SPD16_eabi.lib</file>
         <name>fd_add_t2.obj</name>
      </input_file>
      <input_file id="fl-d5">
         <path>/home/bonho/ti/ccsv7/tools/compiler/ti-cgt-arm_16.9.4.LTS/lib/</path>
         <kind>archive</kind>
         <file>rtsv7M4_T_le_v4SPD16_eabi.lib</file>
         <name>fd_cmp_t2.obj</name>
      </input_file>
      <input_file id="fl-d6">
         <path>/home/bonho/ti/ccsv7/tools/compiler/ti-cgt-arm_16.9.4.LTS/lib/</path>
         <kind>archive</kind>
         <file>rtsv7M4_T_le_v4SPD16_eabi.lib</file>
         <name>fd_div_t2.obj</name>
      </input_file>
      <input_file id="fl-d7">
         <path>/home/bonho/ti/ccsv7/tools/compiler/ti-cgt-arm_16.9.4.LTS/lib/</path>
         <kind>archive</kind>
         <file>rtsv7M4_T_le_v4SPD16_eabi.lib</file>
         <name>fd_mul_t2.obj</name>
      </input_file>
      <input_file id="fl-d8">
         <path>/home/bonho/ti/ccsv7/tools/compiler/ti-cgt-arm_16.9.4.LTS/lib/</path>
         <kind>archive</kind>
         <file>rtsv7M4_T_le_v4SPD16_eabi.lib</file>
         <name>fd_toi_t2.obj</name>
      </input_file>
      <input_file id="fl-d9">
         <path>/home/bonho/ti/ccsv7/tools/compiler/ti-cgt-arm_16.9.4.LTS/lib/</path>
         <kind>archive</kind>
         <file>rtsv7M4_T_le_v4SPD16_eabi.lib</file>
         <name>fd_tou_t2.obj</name>
      </input_file>
      <input_file id="fl-da">
         <path>/home/bonho/ti/ccsv7/tools/compiler/ti-cgt-arm_16.9.4.LTS/lib/</path>
         <kind>archive</kind>
         <file>rtsv7M4_T_le_v4SPD16_eabi.lib</file>
         <name>i_tofd_t2.obj</name>
      </input_file>
      <input_file id="fl-db">
         <path>/home/bonho/ti/ccsv7/tools/compiler/ti-cgt-arm_16.9.4.LTS/lib/</path>
         <kind>archive</kind>
         <file>rtsv7M4_T_le_v4SPD16_eabi.lib</file>
         <name>memcpy_t2.obj</name>
      </input_file>
      <input_file id="fl-dc">
         <path>/home/bonho/ti/ccsv7/tools/compiler/ti-cgt-arm_16.9.4.LTS/lib/</path>
         <kind>archive</kind>
         <file>rtsv7M4_T_le_v4SPD16_eabi.lib</file>
         <name>memset_t2.obj</name>
      </input_file>
      <input_file id="fl-dd">
         <path>/home/bonho/ti/ccsv7/tools/compiler/ti-cgt-arm_16.9.4.LTS/lib/</path>
         <kind>archive</kind>
         <file>rtsv7M4_T_le_v4SPD16_eabi.lib</file>
         <name>mpu_init.obj</name>
      </input_file>
      <input_file id="fl-de">
         <path>/home/bonho/ti/ccsv7/tools/compiler/ti-cgt-arm_16.9.4.LTS/lib/</path>
         <kind>archive</kind>
         <file>rtsv7M4_T_le_v4SPD16_eabi.lib</file>
         <name>pre_init.obj</name>
      </input_file>
      <input_file id="fl-df">
         <path>/home/bonho/ti/ccsv7/tools/compiler/ti-cgt-arm_16.9.4.LTS/lib/</path>
         <kind>archive</kind>
         <file>rtsv7M4_T_le_v4SPD16_eabi.lib</file>
         <name>s_scalbn.obj</name>
      </input_file>
      <input_file id="fl-e0">
         <path>/home/bonho/ti/ccsv7/tools/compiler/ti-cgt-arm_16.9.4.LTS/lib/</path>
         <kind>archive</kind>
         <file>rtsv7M4_T_le_v4SPD16_eabi.lib</file>
         <name>stkdepth_vars.obj</name>
      </input_file>
      <input_file id="fl-e1">
         <path>/home/bonho/ti/ccsv7/tools/compiler/ti-cgt-arm_16.9.4.LTS/lib/</path>
         <kind>archive</kind>
         <file>rtsv7M4_T_le_v4SPD16_eabi.lib</file>
         <name>strcpy.obj</name>
      </input_file>
      <input_file id="fl-e2">
         <path>/home/bonho/ti/ccsv7/tools/compiler/ti-cgt-arm_16.9.4.LTS/lib/</path>
         <kind>archive</kind>
         <file>rtsv7M4_T_le_v4SPD16_eabi.lib</file>
         <name>strlen.obj</name>
      </input_file>
      <input_file id="fl-e3">
         <path>/home/bonho/ti/ccsv7/tools/compiler/ti-cgt-arm_16.9.4.LTS/lib/</path>
         <kind>archive</kind>
         <file>rtsv7M4_T_le_v4SPD16_eabi.lib</file>
         <name>u_tofd_t2.obj</name>
      </input_file>
      <input_file id="fl-e4">
         <path>/home/bonho/ti/ccsv7/tools/compiler/ti-cgt-arm_16.9.4.LTS/lib/</path>
         <kind>archive</kind>
         <file>rtsv7M4_T_le_v4SPD16_eabi.lib</file>
         <name>_lock.obj</name>
      </input_file>
      <input_file id="fl-e5">
         <path>/home/bonho/ti/ccsv7/tools/compiler/ti-cgt-arm_16.9.4.LTS/lib/</path>
         <kind>archive</kind>
         <file>rtsv7M4_T_le_v4SPD16_eabi.lib</file>
         <name>args_main.obj</name>
      </input_file>
      <input_file id="fl-e6">
         <path>/home/bonho/ti/ccsv7/tools/compiler/ti-cgt-arm_16.9.4.LTS/lib/</path>
         <kind>archive</kind>
         <file>rtsv7M4_T_le_v4SPD16_eabi.lib</file>
         <name>autoinit.obj</name>
      </input_file>
      <input_file id="fl-e7">
         <path>/home/bonho/ti/ccsv7/tools/compiler/ti-cgt-arm_16.9.4.LTS/lib/</path>
         <kind>archive</kind>
         <file>rtsv7M4_T_le_v4SPD16_eabi.lib</file>
         <name>cpy_tbl.obj</name>
      </input_file>
      <input_file id="fl-e8">
         <path>/home/bonho/ti/ccsv7/tools/compiler/ti-cgt-arm_16.9.4.LTS/lib/</path>
         <kind>archive</kind>
         <file>rtsv7M4_T_le_v4SPD16_eabi.lib</file>
         <name>s_copysign.obj</name>
      </input_file>
      <input_file id="fl-e9">
         <path>/home/bonho/ti/ccsv7/tools/compiler/ti-cgt-arm_16.9.4.LTS/lib/</path>
         <kind>archive</kind>
         <file>rtsv7M4_T_le_v4SPD16_eabi.lib</file>
         <name>startup.obj</name>
      </input_file>
   </input_file_list>
   <object_component_list>
      <object_component id="oc-f">
         <name>.intvecs</name>
         <load_address>0x0</load_address>
         <run_address>0x0</run_address>
         <size>0x26c</size>
         <input_file_ref idref="fl-8"/>
      </object_component>
      <object_component id="oc-a7">
         <name>.text</name>
         <load_address>0x26c</load_address>
         <run_address>0x26c</run_address>
         <size>0xad8</size>
         <input_file_ref idref="fl-6"/>
      </object_component>
      <object_component id="oc-102">
         <name>.text</name>
         <load_address>0xd44</load_address>
         <run_address>0xd44</run_address>
         <size>0x9ac</size>
         <input_file_ref idref="fl-d0"/>
      </object_component>
      <object_component id="oc-12c">
         <name>.text</name>
         <load_address>0x16f0</load_address>
         <run_address>0x16f0</run_address>
         <size>0x520</size>
         <input_file_ref idref="fl-3"/>
      </object_component>
      <object_component id="oc-120">
         <name>.text</name>
         <load_address>0x1c10</load_address>
         <run_address>0x1c10</run_address>
         <size>0x364</size>
         <input_file_ref idref="fl-2"/>
      </object_component>
      <object_component id="oc-126">
         <name>.text</name>
         <load_address>0x1f74</load_address>
         <run_address>0x1f74</run_address>
         <size>0x35c</size>
         <input_file_ref idref="fl-4"/>
      </object_component>
      <object_component id="oc-186">
         <name>.text</name>
         <load_address>0x22d0</load_address>
         <run_address>0x22d0</run_address>
         <size>0x2f8</size>
         <input_file_ref idref="fl-cf"/>
      </object_component>
      <object_component id="oc-dc">
         <name>.text</name>
         <load_address>0x25c8</load_address>
         <run_address>0x25c8</run_address>
         <size>0x2b4</size>
         <input_file_ref idref="fl-9"/>
      </object_component>
      <object_component id="oc-11a">
         <name>.text</name>
         <load_address>0x287c</load_address>
         <run_address>0x287c</run_address>
         <size>0x1e0</size>
         <input_file_ref idref="fl-7"/>
      </object_component>
      <object_component id="oc-10d">
         <name>.text</name>
         <load_address>0x2a5c</load_address>
         <run_address>0x2a5c</run_address>
         <size>0x1b6</size>
         <input_file_ref idref="fl-d4"/>
      </object_component>
      <object_component id="oc-57">
         <name>.text</name>
         <load_address>0x2c12</load_address>
         <run_address>0x2c12</run_address>
         <size>0x2</size>
         <input_file_ref idref="fl-dd"/>
      </object_component>
      <object_component id="oc-1b5">
         <name>.text</name>
         <load_address>0x2c14</load_address>
         <run_address>0x2c14</run_address>
         <size>0x170</size>
         <input_file_ref idref="fl-d1"/>
      </object_component>
      <object_component id="oc-1b0">
         <name>.text</name>
         <load_address>0x2d84</load_address>
         <run_address>0x2d84</run_address>
         <size>0x136</size>
         <input_file_ref idref="fl-d6"/>
      </object_component>
      <object_component id="oc-287">
         <name>.text:GPIOPadConfigSet</name>
         <load_address>0x2eba</load_address>
         <run_address>0x2eba</run_address>
         <size>0x132</size>
         <input_file_ref idref="fl-f"/>
      </object_component>
      <object_component id="oc-1f6">
         <name>.text:SysCtlClockGet</name>
         <load_address>0x2fec</load_address>
         <run_address>0x2fec</run_address>
         <size>0x110</size>
         <input_file_ref idref="fl-12"/>
      </object_component>
      <object_component id="oc-108">
         <name>.text</name>
         <load_address>0x30fc</load_address>
         <run_address>0x30fc</run_address>
         <size>0xfc</size>
         <input_file_ref idref="fl-d7"/>
      </object_component>
      <object_component id="oc-1cb">
         <name>.text</name>
         <load_address>0x31f8</load_address>
         <run_address>0x31f8</run_address>
         <size>0xfc</size>
         <input_file_ref idref="fl-df"/>
      </object_component>
      <object_component id="oc-3f">
         <name>.text</name>
         <load_address>0x32f4</load_address>
         <run_address>0x32f4</run_address>
         <size>0x9c</size>
         <input_file_ref idref="fl-db"/>
      </object_component>
      <object_component id="oc-1c1">
         <name>.text:__aeabi_cdcmple</name>
         <load_address>0x3390</load_address>
         <run_address>0x3390</run_address>
         <size>0x86</size>
         <input_file_ref idref="fl-d5"/>
      </object_component>
      <object_component id="oc-1c6">
         <name>.text:__aeabi_cdrcmple</name>
         <load_address>0x3416</load_address>
         <run_address>0x3416</run_address>
         <size>0x86</size>
         <input_file_ref idref="fl-d5"/>
      </object_component>
      <object_component id="oc-4b">
         <name>.text</name>
         <load_address>0x349c</load_address>
         <run_address>0x349c</run_address>
         <size>0x7a</size>
         <input_file_ref idref="fl-dc"/>
      </object_component>
      <object_component id="oc-9f">
         <name>.text</name>
         <load_address>0x3516</load_address>
         <run_address>0x3516</run_address>
         <size>0x2</size>
         <input_file_ref idref="fl-e9"/>
      </object_component>
      <object_component id="oc-63">
         <name>.text</name>
         <load_address>0x3518</load_address>
         <run_address>0x3518</run_address>
         <size>0x70</size>
         <input_file_ref idref="fl-e6"/>
      </object_component>
      <object_component id="oc-17d">
         <name>.text:IntEnable</name>
         <load_address>0x3588</load_address>
         <run_address>0x3588</run_address>
         <size>0x68</size>
         <input_file_ref idref="fl-11"/>
      </object_component>
      <object_component id="oc-12">
         <name>.text:decompress:lzss</name>
         <load_address>0x35f0</load_address>
         <run_address>0x35f0</run_address>
         <size>0x68</size>
         <input_file_ref idref="fl-cc"/>
      </object_component>
      <object_component id="oc-24">
         <name>.text</name>
         <load_address>0x3658</load_address>
         <run_address>0x3658</run_address>
         <size>0x54</size>
         <input_file_ref idref="fl-cb"/>
      </object_component>
      <object_component id="oc-6f">
         <name>.text</name>
         <load_address>0x36ac</load_address>
         <run_address>0x36ac</run_address>
         <size>0x54</size>
         <input_file_ref idref="fl-d3"/>
      </object_component>
      <object_component id="oc-1fc">
         <name>.text:I2CMasterInitExpClk</name>
         <load_address>0x3700</load_address>
         <run_address>0x3700</run_address>
         <size>0x4c</size>
         <input_file_ref idref="fl-10"/>
      </object_component>
      <object_component id="oc-19c">
         <name>.text:_TimerIntNumberGet</name>
         <load_address>0x374c</load_address>
         <run_address>0x374c</run_address>
         <size>0x4c</size>
         <input_file_ref idref="fl-13"/>
      </object_component>
      <object_component id="oc-99">
         <name>.text</name>
         <load_address>0x3798</load_address>
         <run_address>0x3798</run_address>
         <size>0x4c</size>
         <input_file_ref idref="fl-e7"/>
      </object_component>
      <object_component id="oc-1e4">
         <name>.text:GPIOPinConfigure</name>
         <load_address>0x37e4</load_address>
         <run_address>0x37e4</run_address>
         <size>0x48</size>
         <input_file_ref idref="fl-f"/>
      </object_component>
      <object_component id="oc-112">
         <name>.text</name>
         <load_address>0x382c</load_address>
         <run_address>0x382c</run_address>
         <size>0x48</size>
         <input_file_ref idref="fl-d8"/>
      </object_component>
      <object_component id="oc-18c">
         <name>.text</name>
         <load_address>0x3874</load_address>
         <run_address>0x3874</run_address>
         <size>0x44</size>
         <input_file_ref idref="fl-d9"/>
      </object_component>
      <object_component id="oc-171">
         <name>.text:_GPIOIntNumberGet</name>
         <load_address>0x38b8</load_address>
         <run_address>0x38b8</run_address>
         <size>0x40</size>
         <input_file_ref idref="fl-f"/>
      </object_component>
      <object_component id="oc-194">
         <name>.text:_UARTIntNumberGet</name>
         <load_address>0x38f8</load_address>
         <run_address>0x38f8</run_address>
         <size>0x40</size>
         <input_file_ref idref="fl-14"/>
      </object_component>
      <object_component id="oc-177">
         <name>.text:IntRegister</name>
         <load_address>0x3938</load_address>
         <run_address>0x3938</run_address>
         <size>0x34</size>
         <input_file_ref idref="fl-11"/>
      </object_component>
      <object_component id="oc-1dd">
         <name>.text:SysCtlPeripheralEnable</name>
         <load_address>0x396c</load_address>
         <run_address>0x396c</run_address>
         <size>0x34</size>
         <input_file_ref idref="fl-12"/>
      </object_component>
      <object_component id="oc-fd">
         <name>.text</name>
         <load_address>0x39a0</load_address>
         <run_address>0x39a0</run_address>
         <size>0x2e</size>
         <input_file_ref idref="fl-da"/>
      </object_component>
      <object_component id="oc-281">
         <name>.text:GPIODirModeSet</name>
         <load_address>0x39ce</load_address>
         <run_address>0x39ce</run_address>
         <size>0x2a</size>
         <input_file_ref idref="fl-f"/>
      </object_component>
      <object_component id="oc-223">
         <name>.text</name>
         <load_address>0x39f8</load_address>
         <run_address>0x39f8</run_address>
         <size>0x20</size>
         <input_file_ref idref="fl-e3"/>
      </object_component>
      <object_component id="oc-d0">
         <name>.text:GPIOIntRegister</name>
         <load_address>0x3a18</load_address>
         <run_address>0x3a18</run_address>
         <size>0x18</size>
         <input_file_ref idref="fl-f"/>
      </object_component>
      <object_component id="oc-e8">
         <name>.text:TimerIntRegister</name>
         <load_address>0x3a30</load_address>
         <run_address>0x3a30</run_address>
         <size>0x18</size>
         <input_file_ref idref="fl-13"/>
      </object_component>
      <object_component id="oc-e2">
         <name>.text:UARTIntRegister</name>
         <load_address>0x3a48</load_address>
         <run_address>0x3a48</run_address>
         <size>0x18</size>
         <input_file_ref idref="fl-14"/>
      </object_component>
      <object_component id="oc-69">
         <name>.text</name>
         <load_address>0x3a60</load_address>
         <run_address>0x3a60</run_address>
         <size>0x18</size>
         <input_file_ref idref="fl-e5"/>
      </object_component>
      <object_component id="oc-159">
         <name>.text</name>
         <load_address>0x3a78</load_address>
         <run_address>0x3a78</run_address>
         <size>0x14</size>
         <input_file_ref idref="fl-e4"/>
      </object_component>
      <object_component id="oc-26c">
         <name>.text</name>
         <load_address>0x3a8c</load_address>
         <run_address>0x3a8c</run_address>
         <size>0x14</size>
         <input_file_ref idref="fl-e8"/>
      </object_component>
      <object_component id="oc-f4">
         <name>.text</name>
         <load_address>0x3aa0</load_address>
         <run_address>0x3aa0</run_address>
         <size>0x14</size>
         <input_file_ref idref="fl-e1"/>
      </object_component>
      <object_component id="oc-ee">
         <name>.text</name>
         <load_address>0x3ab4</load_address>
         <run_address>0x3ab4</run_address>
         <size>0x14</size>
         <input_file_ref idref="fl-e2"/>
      </object_component>
      <object_component id="oc-1f0">
         <name>.text:GPIOPinTypeI2C</name>
         <load_address>0x3ac8</load_address>
         <run_address>0x3ac8</run_address>
         <size>0x12</size>
         <input_file_ref idref="fl-f"/>
      </object_component>
      <object_component id="oc-1ea">
         <name>.text:GPIOPinTypeI2CSCL</name>
         <load_address>0x3ada</load_address>
         <run_address>0x3ada</run_address>
         <size>0x12</size>
         <input_file_ref idref="fl-f"/>
      </object_component>
      <object_component id="oc-18">
         <name>.text:decompress:none</name>
         <load_address>0x3aec</load_address>
         <run_address>0x3aec</run_address>
         <size>0xe</size>
         <input_file_ref idref="fl-cd"/>
      </object_component>
      <object_component id="oc-d6">
         <name>.text:GPIOIntEnable</name>
         <load_address>0x3afa</load_address>
         <run_address>0x3afa</run_address>
         <size>0xc</size>
         <input_file_ref idref="fl-f"/>
      </object_component>
      <object_component id="oc-1e">
         <name>.text:decompress:ZI</name>
         <load_address>0x3b06</load_address>
         <run_address>0x3b06</run_address>
         <size>0xc</size>
         <input_file_ref idref="fl-ce"/>
      </object_component>
      <object_component id="oc-2b">
         <name>.text</name>
         <load_address>0x3b12</load_address>
         <run_address>0x3b12</run_address>
         <size>0xc</size>
         <input_file_ref idref="fl-8"/>
      </object_component>
      <object_component id="oc-293">
         <name>.text:I2CMasterEnable</name>
         <load_address>0x3b1e</load_address>
         <run_address>0x3b1e</run_address>
         <size>0xa</size>
         <input_file_ref idref="fl-10"/>
      </object_component>
      <object_component id="oc-214">
         <name>.text:I2CMasterBusy</name>
         <load_address>0x3b28</load_address>
         <run_address>0x3b28</run_address>
         <size>0x8</size>
         <input_file_ref idref="fl-10"/>
      </object_component>
      <object_component id="oc-202">
         <name>.text:I2CMasterSlaveAddrSet</name>
         <load_address>0x3b30</load_address>
         <run_address>0x3b30</run_address>
         <size>0x8</size>
         <input_file_ref idref="fl-10"/>
      </object_component>
      <object_component id="oc-138">
         <name>.text:GPIOIntClear</name>
         <load_address>0x3b38</load_address>
         <run_address>0x3b38</run_address>
         <size>0x6</size>
         <input_file_ref idref="fl-f"/>
      </object_component>
      <object_component id="oc-132">
         <name>.text:GPIOPinRead</name>
         <load_address>0x3b3e</load_address>
         <run_address>0x3b3e</run_address>
         <size>0x6</size>
         <input_file_ref idref="fl-f"/>
      </object_component>
      <object_component id="oc-1e3">
         <name>.text:SysCtlDelay</name>
         <load_address>0x3b44</load_address>
         <run_address>0x3b44</run_address>
         <size>0x6</size>
         <input_file_ref idref="fl-12"/>
      </object_component>
      <object_component id="oc-20e">
         <name>.text:I2CMasterControl</name>
         <load_address>0x3b4a</load_address>
         <run_address>0x3b4a</run_address>
         <size>0x4</size>
         <input_file_ref idref="fl-10"/>
      </object_component>
      <object_component id="oc-21a">
         <name>.text:I2CMasterDataGet</name>
         <load_address>0x3b4e</load_address>
         <run_address>0x3b4e</run_address>
         <size>0x4</size>
         <input_file_ref idref="fl-10"/>
      </object_component>
      <object_component id="oc-208">
         <name>.text:I2CMasterDataPut</name>
         <load_address>0x3b52</load_address>
         <run_address>0x3b52</run_address>
         <size>0x4</size>
         <input_file_ref idref="fl-10"/>
      </object_component>
      <object_component id="oc-5d">
         <name>.text</name>
         <load_address>0x3b56</load_address>
         <run_address>0x3b56</run_address>
         <size>0x4</size>
         <input_file_ref idref="fl-de"/>
      </object_component>
      <object_component id="oc-237">
         <name>.const:g_ppui32GPIOIntMapBlizzard</name>
         <load_address>0x3b60</load_address>
         <run_address>0x3b60</run_address>
         <size>0xc0</size>
         <input_file_ref idref="fl-f"/>
      </object_component>
      <object_component id="oc-23a">
         <name>.const:g_ppui32GPIOIntMapSnowflake</name>
         <load_address>0x3c20</load_address>
         <run_address>0x3c20</run_address>
         <size>0xc0</size>
         <input_file_ref idref="fl-f"/>
      </object_component>
      <object_component id="oc-27d">
         <name>.const:g_pui32GPIOBaseAddrs</name>
         <load_address>0x3ce0</load_address>
         <run_address>0x3ce0</run_address>
         <size>0x90</size>
         <input_file_ref idref="fl-f"/>
      </object_component>
      <object_component id="oc-243">
         <name>.const</name>
         <load_address>0x3d70</load_address>
         <run_address>0x3d70</run_address>
         <size>0x70</size>
         <input_file_ref idref="fl-11"/>
      </object_component>
      <object_component id="oc-28f">
         <name>.const:g_pui32Xtals</name>
         <load_address>0x3de0</load_address>
         <run_address>0x3de0</run_address>
         <size>0x6c</size>
         <input_file_ref idref="fl-12"/>
      </object_component>
      <object_component id="oc-256">
         <name>.const:g_ppui32TimerIntMap</name>
         <load_address>0x3e4c</load_address>
         <run_address>0x3e4c</run_address>
         <size>0x60</size>
         <input_file_ref idref="fl-13"/>
      </object_component>
      <object_component id="oc-259">
         <name>.const:g_ppui32TimerIntMapSnowflake</name>
         <load_address>0x3eac</load_address>
         <run_address>0x3eac</run_address>
         <size>0x40</size>
         <input_file_ref idref="fl-13"/>
      </object_component>
      <object_component id="oc-24d">
         <name>.const:g_ppui32UARTIntMap</name>
         <load_address>0x3eec</load_address>
         <run_address>0x3eec</run_address>
         <size>0x40</size>
         <input_file_ref idref="fl-14"/>
      </object_component>
      <object_component id="oc-250">
         <name>.const:g_ppui32UARTIntMapSnowflake</name>
         <load_address>0x3f2c</load_address>
         <run_address>0x3f2c</run_address>
         <size>0x40</size>
         <input_file_ref idref="fl-14"/>
      </object_component>
      <object_component id="oc-1be">
         <name>.const:$O1$$</name>
         <load_address>0x3f70</load_address>
         <run_address>0x3f70</run_address>
         <size>0x30</size>
         <input_file_ref idref="fl-d0"/>
      </object_component>
      <object_component id="oc-2ea">
         <name>.cinit..data.load</name>
         <load_address>0x3fa0</load_address>
         <run_address>0x3fa0</run_address>
         <size>0x1f</size>
      </object_component>
      <object_component id="oc-2e7">
         <name>__TI_handler_table</name>
         <load_address>0x3fc0</load_address>
         <run_address>0x3fc0</run_address>
         <size>0xc</size>
      </object_component>
      <object_component id="oc-2eb">
         <name>.cinit..bss.load</name>
         <load_address>0x3fd0</load_address>
         <run_address>0x3fd0</run_address>
         <size>0x8</size>
      </object_component>
      <object_component id="oc-2e9">
         <name>.cinit..vtable.load</name>
         <load_address>0x3fd8</load_address>
         <run_address>0x3fd8</run_address>
         <size>0x8</size>
      </object_component>
      <object_component id="oc-2e8">
         <name>__TI_cinit_table</name>
         <load_address>0x3fe0</load_address>
         <run_address>0x3fe0</run_address>
         <size>0x18</size>
      </object_component>
      <object_component id="oc-23e">
         <name>.vtable</name>
         <uninitialized>true</uninitialized>
         <run_address>0x20000000</run_address>
         <size>0x26c</size>
         <input_file_ref idref="fl-11"/>
      </object_component>
      <object_component id="oc-13e">
         <name>.data</name>
         <load_address>0x20000574</load_address>
         <run_address>0x20000574</run_address>
         <size>0x3e</size>
         <input_file_ref idref="fl-6"/>
      </object_component>
      <object_component id="oc-147">
         <name>.data:str</name>
         <load_address>0x200005c0</load_address>
         <run_address>0x200005c0</run_address>
         <size>0xa</size>
         <input_file_ref idref="fl-6"/>
      </object_component>
      <object_component id="oc-191">
         <name>.data</name>
         <load_address>0x200005b2</load_address>
         <run_address>0x200005b2</run_address>
         <size>0x1</size>
         <input_file_ref idref="fl-9"/>
      </object_component>
      <object_component id="oc-1bb">
         <name>.data</name>
         <load_address>0x200005d4</load_address>
         <run_address>0x200005d4</run_address>
         <size>0x4</size>
         <input_file_ref idref="fl-d2"/>
      </object_component>
      <object_component id="oc-af">
         <name>.data:$O1$$</name>
         <load_address>0x200005b4</load_address>
         <run_address>0x200005b4</run_address>
         <size>0xc</size>
         <input_file_ref idref="fl-d3"/>
      </object_component>
      <object_component id="oc-75">
         <name>.data</name>
         <load_address>0x200005d8</load_address>
         <run_address>0x200005d8</run_address>
         <size>0x4</size>
         <input_file_ref idref="fl-e0"/>
      </object_component>
      <object_component id="oc-b2">
         <name>.data:$O1$$</name>
         <load_address>0x200005cc</load_address>
         <run_address>0x200005cc</run_address>
         <size>0x8</size>
         <input_file_ref idref="fl-e4"/>
      </object_component>
      <object_component id="oc-146">
         <name>.common:accaxisX</name>
         <uninitialized>true</uninitialized>
         <run_address>0x20000564</run_address>
         <size>0x2</size>
      </object_component>
      <object_component id="oc-220">
         <name>.common:accaxisY</name>
         <uninitialized>true</uninitialized>
         <run_address>0x20000566</run_address>
         <size>0x2</size>
      </object_component>
      <object_component id="oc-221">
         <name>.common:accaxisZ</name>
         <uninitialized>true</uninitialized>
         <run_address>0x20000568</run_address>
         <size>0x2</size>
      </object_component>
      <object_component id="oc-141">
         <name>.common:gyroaxisX</name>
         <uninitialized>true</uninitialized>
         <run_address>0x2000056a</run_address>
         <size>0x2</size>
      </object_component>
      <object_component id="oc-144">
         <name>.common:gyroaxisY</name>
         <uninitialized>true</uninitialized>
         <run_address>0x2000056c</run_address>
         <size>0x2</size>
      </object_component>
      <object_component id="oc-145">
         <name>.common:gyroaxisZ</name>
         <uninitialized>true</uninitialized>
         <run_address>0x2000056e</run_address>
         <size>0x2</size>
      </object_component>
      <object_component id="oc-fa">
         <name>.common:PIDVelocity_motor_0</name>
         <uninitialized>true</uninitialized>
         <run_address>0x200004dc</run_address>
         <size>0x38</size>
      </object_component>
      <object_component id="oc-118">
         <name>.common:PIDPosition_motor_0</name>
         <uninitialized>true</uninitialized>
         <run_address>0x2000046c</run_address>
         <size>0x38</size>
      </object_component>
      <object_component id="oc-117">
         <name>.common:PIDVelocity_motor_1</name>
         <uninitialized>true</uninitialized>
         <run_address>0x20000514</run_address>
         <size>0x38</size>
      </object_component>
      <object_component id="oc-119">
         <name>.common:PIDPosition_motor_1</name>
         <uninitialized>true</uninitialized>
         <run_address>0x200004a4</run_address>
         <size>0x38</size>
      </object_component>
      <object_component id="oc-14e">
         <name>.common:m</name>
         <uninitialized>true</uninitialized>
         <run_address>0x20000570</run_address>
         <size>0x1</size>
      </object_component>
      <object_component id="oc-14a">
         <name>.common:piece1</name>
         <uninitialized>true</uninitialized>
         <run_address>0x2000054c</run_address>
         <size>0xc</size>
      </object_component>
      <object_component id="oc-14d">
         <name>.common:piece2</name>
         <uninitialized>true</uninitialized>
         <run_address>0x20000558</run_address>
         <size>0xc</size>
      </object_component>
      <object_component id="oc-2a">
         <name>.stack</name>
         <uninitialized>true</uninitialized>
         <run_address>0x2000026c</run_address>
         <size>0x0</size>
         <input_file_ref idref="fl-cb"/>
      </object_component>
      <object_component id="oc-2ec">
         <name>.stack</name>
         <uninitialized>true</uninitialized>
         <run_address>0x2000026c</run_address>
         <size>0x0</size>
      </object_component>
      <object_component id="oc-142">
         <name>.debug_info</name>
         <load_address>0x0</load_address>
         <run_address>0x0</run_address>
         <size>0x64c</size>
         <input_file_ref idref="fl-2"/>
      </object_component>
      <object_component id="oc-121">
         <name>.debug_info</name>
         <load_address>0x64c</load_address>
         <run_address>0x64c</run_address>
         <size>0x9b5</size>
         <input_file_ref idref="fl-2"/>
      </object_component>
      <object_component id="oc-1aa">
         <name>.debug_info</name>
         <load_address>0x1001</load_address>
         <run_address>0x1001</run_address>
         <size>0x14e</size>
         <input_file_ref idref="fl-2"/>
      </object_component>
      <object_component id="oc-ba">
         <name>.debug_info</name>
         <load_address>0x114f</load_address>
         <run_address>0x114f</run_address>
         <size>0x8b</size>
         <input_file_ref idref="fl-2"/>
      </object_component>
      <object_component id="oc-7c">
         <name>.debug_info</name>
         <load_address>0x11da</load_address>
         <run_address>0x11da</run_address>
         <size>0x18b</size>
         <input_file_ref idref="fl-2"/>
      </object_component>
      <object_component id="oc-90">
         <name>.debug_info</name>
         <load_address>0x1365</load_address>
         <run_address>0x1365</run_address>
         <size>0x2c</size>
         <input_file_ref idref="fl-2"/>
      </object_component>
      <object_component id="oc-fb">
         <name>.debug_info</name>
         <load_address>0x1391</load_address>
         <run_address>0x1391</run_address>
         <size>0x3f1</size>
         <input_file_ref idref="fl-3"/>
      </object_component>
      <object_component id="oc-12d">
         <name>.debug_info</name>
         <load_address>0x1782</load_address>
         <run_address>0x1782</run_address>
         <size>0x5d4</size>
         <input_file_ref idref="fl-3"/>
      </object_component>
      <object_component id="oc-3a">
         <name>.debug_info</name>
         <load_address>0x1d56</load_address>
         <run_address>0x1d56</run_address>
         <size>0x84</size>
         <input_file_ref idref="fl-3"/>
      </object_component>
      <object_component id="oc-127">
         <name>.debug_info</name>
         <load_address>0x1dda</load_address>
         <run_address>0x1dda</run_address>
         <size>0x48b</size>
         <input_file_ref idref="fl-4"/>
      </object_component>
      <object_component id="oc-14b">
         <name>.debug_info</name>
         <load_address>0x2265</load_address>
         <run_address>0x2265</run_address>
         <size>0x917</size>
         <input_file_ref idref="fl-6"/>
      </object_component>
      <object_component id="oc-13f">
         <name>.debug_info</name>
         <load_address>0x2b7c</load_address>
         <run_address>0x2b7c</run_address>
         <size>0x3b6</size>
         <input_file_ref idref="fl-6"/>
      </object_component>
      <object_component id="oc-148">
         <name>.debug_info</name>
         <load_address>0x2f32</load_address>
         <run_address>0x2f32</run_address>
         <size>0xac</size>
         <input_file_ref idref="fl-6"/>
      </object_component>
      <object_component id="oc-a8">
         <name>.debug_info</name>
         <load_address>0x2fde</load_address>
         <run_address>0x2fde</run_address>
         <size>0xc81</size>
         <input_file_ref idref="fl-6"/>
      </object_component>
      <object_component id="oc-11b">
         <name>.debug_info</name>
         <load_address>0x3c5f</load_address>
         <run_address>0x3c5f</run_address>
         <size>0x35c</size>
         <input_file_ref idref="fl-7"/>
      </object_component>
      <object_component id="oc-33">
         <name>.debug_info</name>
         <load_address>0x3fbb</load_address>
         <run_address>0x3fbb</run_address>
         <size>0x281</size>
         <input_file_ref idref="fl-8"/>
      </object_component>
      <object_component id="oc-10">
         <name>.debug_info</name>
         <load_address>0x423c</load_address>
         <run_address>0x423c</run_address>
         <size>0xd2</size>
         <input_file_ref idref="fl-8"/>
      </object_component>
      <object_component id="oc-2c">
         <name>.debug_info</name>
         <load_address>0x430e</load_address>
         <run_address>0x430e</run_address>
         <size>0x24e</size>
         <input_file_ref idref="fl-8"/>
      </object_component>
      <object_component id="oc-193">
         <name>.debug_info</name>
         <load_address>0x455c</load_address>
         <run_address>0x455c</run_address>
         <size>0x309</size>
         <input_file_ref idref="fl-9"/>
      </object_component>
      <object_component id="oc-dd">
         <name>.debug_info</name>
         <load_address>0x4865</load_address>
         <run_address>0x4865</run_address>
         <size>0x460</size>
         <input_file_ref idref="fl-9"/>
      </object_component>
      <object_component id="oc-184">
         <name>.debug_info</name>
         <load_address>0x4cc5</load_address>
         <run_address>0x4cc5</run_address>
         <size>0x230</size>
         <input_file_ref idref="fl-f"/>
      </object_component>
      <object_component id="oc-238">
         <name>.debug_info</name>
         <load_address>0x4ef5</load_address>
         <run_address>0x4ef5</run_address>
         <size>0x167</size>
         <input_file_ref idref="fl-f"/>
      </object_component>
      <object_component id="oc-23b">
         <name>.debug_info</name>
         <load_address>0x505c</load_address>
         <run_address>0x505c</run_address>
         <size>0x169</size>
         <input_file_ref idref="fl-f"/>
      </object_component>
      <object_component id="oc-27e">
         <name>.debug_info</name>
         <load_address>0x51c5</load_address>
         <run_address>0x51c5</run_address>
         <size>0x15b</size>
         <input_file_ref idref="fl-f"/>
      </object_component>
      <object_component id="oc-285">
         <name>.debug_info</name>
         <load_address>0x5320</load_address>
         <run_address>0x5320</run_address>
         <size>0x2b3</size>
         <input_file_ref idref="fl-f"/>
      </object_component>
      <object_component id="oc-28b">
         <name>.debug_info</name>
         <load_address>0x55d3</load_address>
         <run_address>0x55d3</run_address>
         <size>0x316</size>
         <input_file_ref idref="fl-f"/>
      </object_component>
      <object_component id="oc-1ee">
         <name>.debug_info</name>
         <load_address>0x58e9</load_address>
         <run_address>0x58e9</run_address>
         <size>0x27f</size>
         <input_file_ref idref="fl-f"/>
      </object_component>
      <object_component id="oc-1f4">
         <name>.debug_info</name>
         <load_address>0x5b68</load_address>
         <run_address>0x5b68</run_address>
         <size>0x279</size>
         <input_file_ref idref="fl-f"/>
      </object_component>
      <object_component id="oc-136">
         <name>.debug_info</name>
         <load_address>0x5de1</load_address>
         <run_address>0x5de1</run_address>
         <size>0x27b</size>
         <input_file_ref idref="fl-f"/>
      </object_component>
      <object_component id="oc-1e8">
         <name>.debug_info</name>
         <load_address>0x605c</load_address>
         <run_address>0x605c</run_address>
         <size>0x280</size>
         <input_file_ref idref="fl-f"/>
      </object_component>
      <object_component id="oc-175">
         <name>.debug_info</name>
         <load_address>0x62dc</load_address>
         <run_address>0x62dc</run_address>
         <size>0x27e</size>
         <input_file_ref idref="fl-f"/>
      </object_component>
      <object_component id="oc-d1">
         <name>.debug_info</name>
         <load_address>0x655a</load_address>
         <run_address>0x655a</run_address>
         <size>0x2cf</size>
         <input_file_ref idref="fl-f"/>
      </object_component>
      <object_component id="oc-d7">
         <name>.debug_info</name>
         <load_address>0x6829</load_address>
         <run_address>0x6829</run_address>
         <size>0x28f</size>
         <input_file_ref idref="fl-f"/>
      </object_component>
      <object_component id="oc-139">
         <name>.debug_info</name>
         <load_address>0x6ab8</load_address>
         <run_address>0x6ab8</run_address>
         <size>0x28d</size>
         <input_file_ref idref="fl-f"/>
      </object_component>
      <object_component id="oc-29a">
         <name>.debug_info</name>
         <load_address>0x6d45</load_address>
         <run_address>0x6d45</run_address>
         <size>0x231</size>
         <input_file_ref idref="fl-10"/>
      </object_component>
      <object_component id="oc-205">
         <name>.debug_info</name>
         <load_address>0x6f76</load_address>
         <run_address>0x6f76</run_address>
         <size>0x2ce</size>
         <input_file_ref idref="fl-10"/>
      </object_component>
      <object_component id="oc-296">
         <name>.debug_info</name>
         <load_address>0x7244</load_address>
         <run_address>0x7244</run_address>
         <size>0x24e</size>
         <input_file_ref idref="fl-10"/>
      </object_component>
      <object_component id="oc-1fe">
         <name>.debug_info</name>
         <load_address>0x7492</load_address>
         <run_address>0x7492</run_address>
         <size>0x2d5</size>
         <input_file_ref idref="fl-10"/>
      </object_component>
      <object_component id="oc-20b">
         <name>.debug_info</name>
         <load_address>0x7767</load_address>
         <run_address>0x7767</run_address>
         <size>0x27e</size>
         <input_file_ref idref="fl-10"/>
      </object_component>
      <object_component id="oc-21d">
         <name>.debug_info</name>
         <load_address>0x79e5</load_address>
         <run_address>0x79e5</run_address>
         <size>0x254</size>
         <input_file_ref idref="fl-10"/>
      </object_component>
      <object_component id="oc-20f">
         <name>.debug_info</name>
         <load_address>0x7c39</load_address>
         <run_address>0x7c39</run_address>
         <size>0x27e</size>
         <input_file_ref idref="fl-10"/>
      </object_component>
      <object_component id="oc-215">
         <name>.debug_info</name>
         <load_address>0x7eb7</load_address>
         <run_address>0x7eb7</run_address>
         <size>0x24e</size>
         <input_file_ref idref="fl-10"/>
      </object_component>
      <object_component id="oc-242">
         <name>.debug_info</name>
         <load_address>0x8105</load_address>
         <run_address>0x8105</run_address>
         <size>0x20e</size>
         <input_file_ref idref="fl-11"/>
      </object_component>
      <object_component id="oc-244">
         <name>.debug_info</name>
         <load_address>0x8313</load_address>
         <run_address>0x8313</run_address>
         <size>0x210</size>
         <input_file_ref idref="fl-11"/>
      </object_component>
      <object_component id="oc-23f">
         <name>.debug_info</name>
         <load_address>0x8523</load_address>
         <run_address>0x8523</run_address>
         <size>0x157</size>
         <input_file_ref idref="fl-11"/>
      </object_component>
      <object_component id="oc-178">
         <name>.debug_info</name>
         <load_address>0x867a</load_address>
         <run_address>0x867a</run_address>
         <size>0x2c1</size>
         <input_file_ref idref="fl-11"/>
      </object_component>
      <object_component id="oc-17e">
         <name>.debug_info</name>
         <load_address>0x893b</load_address>
         <run_address>0x893b</run_address>
         <size>0x268</size>
         <input_file_ref idref="fl-11"/>
      </object_component>
      <object_component id="oc-27c">
         <name>.debug_info</name>
         <load_address>0x8ba3</load_address>
         <run_address>0x8ba3</run_address>
         <size>0x27f</size>
         <input_file_ref idref="fl-12"/>
      </object_component>
      <object_component id="oc-290">
         <name>.debug_info</name>
         <load_address>0x8e22</load_address>
         <run_address>0x8e22</run_address>
         <size>0x14d</size>
         <input_file_ref idref="fl-12"/>
      </object_component>
      <object_component id="oc-1de">
         <name>.debug_info</name>
         <load_address>0x8f6f</load_address>
         <run_address>0x8f6f</run_address>
         <size>0x27d</size>
         <input_file_ref idref="fl-12"/>
      </object_component>
      <object_component id="oc-1f7">
         <name>.debug_info</name>
         <load_address>0x91ec</load_address>
         <run_address>0x91ec</run_address>
         <size>0x2b5</size>
         <input_file_ref idref="fl-12"/>
      </object_component>
      <object_component id="oc-2ba">
         <name>.debug_info</name>
         <load_address>0x94a1</load_address>
         <run_address>0x94a1</run_address>
         <size>0x5f</size>
         <input_file_ref idref="fl-12"/>
      </object_component>
      <object_component id="oc-1a3">
         <name>.debug_info</name>
         <load_address>0x9500</load_address>
         <run_address>0x9500</run_address>
         <size>0x223</size>
         <input_file_ref idref="fl-13"/>
      </object_component>
      <object_component id="oc-257">
         <name>.debug_info</name>
         <load_address>0x9723</load_address>
         <run_address>0x9723</run_address>
         <size>0x15a</size>
         <input_file_ref idref="fl-13"/>
      </object_component>
      <object_component id="oc-25a">
         <name>.debug_info</name>
         <load_address>0x987d</load_address>
         <run_address>0x987d</run_address>
         <size>0x16c</size>
         <input_file_ref idref="fl-13"/>
      </object_component>
      <object_component id="oc-19d">
         <name>.debug_info</name>
         <load_address>0x99e9</load_address>
         <run_address>0x99e9</run_address>
         <size>0x2eb</size>
         <input_file_ref idref="fl-13"/>
      </object_component>
      <object_component id="oc-e9">
         <name>.debug_info</name>
         <load_address>0x9cd4</load_address>
         <run_address>0x9cd4</run_address>
         <size>0x2e4</size>
         <input_file_ref idref="fl-13"/>
      </object_component>
      <object_component id="oc-19b">
         <name>.debug_info</name>
         <load_address>0x9fb8</load_address>
         <run_address>0x9fb8</run_address>
         <size>0x227</size>
         <input_file_ref idref="fl-14"/>
      </object_component>
      <object_component id="oc-24e">
         <name>.debug_info</name>
         <load_address>0xa1df</load_address>
         <run_address>0xa1df</run_address>
         <size>0x157</size>
         <input_file_ref idref="fl-14"/>
      </object_component>
      <object_component id="oc-251">
         <name>.debug_info</name>
         <load_address>0xa336</load_address>
         <run_address>0xa336</run_address>
         <size>0x169</size>
         <input_file_ref idref="fl-14"/>
      </object_component>
      <object_component id="oc-195">
         <name>.debug_info</name>
         <load_address>0xa49f</load_address>
         <run_address>0xa49f</run_address>
         <size>0x27e</size>
         <input_file_ref idref="fl-14"/>
      </object_component>
      <object_component id="oc-e3">
         <name>.debug_info</name>
         <load_address>0xa71d</load_address>
         <run_address>0xa71d</run_address>
         <size>0x2c3</size>
         <input_file_ref idref="fl-14"/>
      </object_component>
      <object_component id="oc-25">
         <name>.debug_info</name>
         <load_address>0xa9e0</load_address>
         <run_address>0xa9e0</run_address>
         <size>0x160</size>
         <input_file_ref idref="fl-cb"/>
      </object_component>
      <object_component id="oc-86">
         <name>.debug_info</name>
         <load_address>0xab40</load_address>
         <run_address>0xab40</run_address>
         <size>0x293</size>
         <input_file_ref idref="fl-cc"/>
      </object_component>
      <object_component id="oc-13">
         <name>.debug_info</name>
         <load_address>0xadd3</load_address>
         <run_address>0xadd3</run_address>
         <size>0x245</size>
         <input_file_ref idref="fl-cc"/>
      </object_component>
      <object_component id="oc-35">
         <name>.debug_info</name>
         <load_address>0xb018</load_address>
         <run_address>0xb018</run_address>
         <size>0x60</size>
         <input_file_ref idref="fl-cc"/>
      </object_component>
      <object_component id="oc-81">
         <name>.debug_info</name>
         <load_address>0xb078</load_address>
         <run_address>0xb078</run_address>
         <size>0x46</size>
         <input_file_ref idref="fl-cc"/>
      </object_component>
      <object_component id="oc-4a">
         <name>.debug_info</name>
         <load_address>0xb0be</load_address>
         <run_address>0xb0be</run_address>
         <size>0x2da</size>
         <input_file_ref idref="fl-cd"/>
      </object_component>
      <object_component id="oc-19">
         <name>.debug_info</name>
         <load_address>0xb398</load_address>
         <run_address>0xb398</run_address>
         <size>0x1df</size>
         <input_file_ref idref="fl-cd"/>
      </object_component>
      <object_component id="oc-45">
         <name>.debug_info</name>
         <load_address>0xb577</load_address>
         <run_address>0xb577</run_address>
         <size>0x46</size>
         <input_file_ref idref="fl-cd"/>
      </object_component>
      <object_component id="oc-88">
         <name>.debug_info</name>
         <load_address>0xb5bd</load_address>
         <run_address>0xb5bd</run_address>
         <size>0x2c</size>
         <input_file_ref idref="fl-cd"/>
      </object_component>
      <object_component id="oc-56">
         <name>.debug_info</name>
         <load_address>0xb5e9</load_address>
         <run_address>0xb5e9</run_address>
         <size>0x2c9</size>
         <input_file_ref idref="fl-ce"/>
      </object_component>
      <object_component id="oc-1f">
         <name>.debug_info</name>
         <load_address>0xb8b2</load_address>
         <run_address>0xb8b2</run_address>
         <size>0x1aa</size>
         <input_file_ref idref="fl-ce"/>
      </object_component>
      <object_component id="oc-51">
         <name>.debug_info</name>
         <load_address>0xba5c</load_address>
         <run_address>0xba5c</run_address>
         <size>0x46</size>
         <input_file_ref idref="fl-ce"/>
      </object_component>
      <object_component id="oc-187">
         <name>.debug_info</name>
         <load_address>0xbaa2</load_address>
         <run_address>0xbaa2</run_address>
         <size>0x48d</size>
         <input_file_ref idref="fl-cf"/>
      </object_component>
      <object_component id="oc-1d2">
         <name>.debug_info</name>
         <load_address>0xbf2f</load_address>
         <run_address>0xbf2f</run_address>
         <size>0x39</size>
         <input_file_ref idref="fl-cf"/>
      </object_component>
      <object_component id="oc-1d7">
         <name>.debug_info</name>
         <load_address>0xbf68</load_address>
         <run_address>0xbf68</run_address>
         <size>0x39b</size>
         <input_file_ref idref="fl-d0"/>
      </object_component>
      <object_component id="oc-1bf">
         <name>.debug_info</name>
         <load_address>0xc303</load_address>
         <run_address>0xc303</run_address>
         <size>0x11d</size>
         <input_file_ref idref="fl-d0"/>
      </object_component>
      <object_component id="oc-103">
         <name>.debug_info</name>
         <load_address>0xc420</load_address>
         <run_address>0xc420</run_address>
         <size>0xb75</size>
         <input_file_ref idref="fl-d0"/>
      </object_component>
      <object_component id="oc-265">
         <name>.debug_info</name>
         <load_address>0xcf95</load_address>
         <run_address>0xcf95</run_address>
         <size>0x2e3</size>
         <input_file_ref idref="fl-d1"/>
      </object_component>
      <object_component id="oc-1b6">
         <name>.debug_info</name>
         <load_address>0xd278</load_address>
         <run_address>0xd278</run_address>
         <size>0x240</size>
         <input_file_ref idref="fl-d1"/>
      </object_component>
      <object_component id="oc-1bc">
         <name>.debug_info</name>
         <load_address>0xd4b8</load_address>
         <run_address>0xd4b8</run_address>
         <size>0xf3</size>
         <input_file_ref idref="fl-d2"/>
      </object_component>
      <object_component id="oc-b6">
         <name>.debug_info</name>
         <load_address>0xd5ab</load_address>
         <run_address>0xd5ab</run_address>
         <size>0x3ce</size>
         <input_file_ref idref="fl-d3"/>
      </object_component>
      <object_component id="oc-b0">
         <name>.debug_info</name>
         <load_address>0xd979</load_address>
         <run_address>0xd979</run_address>
         <size>0x185</size>
         <input_file_ref idref="fl-d3"/>
      </object_component>
      <object_component id="oc-70">
         <name>.debug_info</name>
         <load_address>0xdafe</load_address>
         <run_address>0xdafe</run_address>
         <size>0x214</size>
         <input_file_ref idref="fl-d3"/>
      </object_component>
      <object_component id="oc-10e">
         <name>.debug_info</name>
         <load_address>0xdd12</load_address>
         <run_address>0xdd12</run_address>
         <size>0x144</size>
         <input_file_ref idref="fl-d4"/>
      </object_component>
      <object_component id="oc-1c2">
         <name>.debug_info</name>
         <load_address>0xde56</load_address>
         <run_address>0xde56</run_address>
         <size>0x120</size>
         <input_file_ref idref="fl-d5"/>
      </object_component>
      <object_component id="oc-1c7">
         <name>.debug_info</name>
         <load_address>0xdf76</load_address>
         <run_address>0xdf76</run_address>
         <size>0x122</size>
         <input_file_ref idref="fl-d5"/>
      </object_component>
      <object_component id="oc-1b1">
         <name>.debug_info</name>
         <load_address>0xe098</load_address>
         <run_address>0xe098</run_address>
         <size>0x132</size>
         <input_file_ref idref="fl-d6"/>
      </object_component>
      <object_component id="oc-109">
         <name>.debug_info</name>
         <load_address>0xe1ca</load_address>
         <run_address>0xe1ca</run_address>
         <size>0x132</size>
         <input_file_ref idref="fl-d7"/>
      </object_component>
      <object_component id="oc-113">
         <name>.debug_info</name>
         <load_address>0xe2fc</load_address>
         <run_address>0xe2fc</run_address>
         <size>0x126</size>
         <input_file_ref idref="fl-d8"/>
      </object_component>
      <object_component id="oc-18d">
         <name>.debug_info</name>
         <load_address>0xe422</load_address>
         <run_address>0xe422</run_address>
         <size>0x131</size>
         <input_file_ref idref="fl-d9"/>
      </object_component>
      <object_component id="oc-fe">
         <name>.debug_info</name>
         <load_address>0xe553</load_address>
         <run_address>0xe553</run_address>
         <size>0x124</size>
         <input_file_ref idref="fl-da"/>
      </object_component>
      <object_component id="oc-40">
         <name>.debug_info</name>
         <load_address>0xe677</load_address>
         <run_address>0xe677</run_address>
         <size>0x111</size>
         <input_file_ref idref="fl-db"/>
      </object_component>
      <object_component id="oc-4c">
         <name>.debug_info</name>
         <load_address>0xe788</load_address>
         <run_address>0xe788</run_address>
         <size>0x13f</size>
         <input_file_ref idref="fl-dc"/>
      </object_component>
      <object_component id="oc-58">
         <name>.debug_info</name>
         <load_address>0xe8c7</load_address>
         <run_address>0xe8c7</run_address>
         <size>0x138</size>
         <input_file_ref idref="fl-dd"/>
      </object_component>
      <object_component id="oc-5e">
         <name>.debug_info</name>
         <load_address>0xe9ff</load_address>
         <run_address>0xe9ff</run_address>
         <size>0x148</size>
         <input_file_ref idref="fl-de"/>
      </object_component>
      <object_component id="oc-273">
         <name>.debug_info</name>
         <load_address>0xeb47</load_address>
         <run_address>0xeb47</run_address>
         <size>0x316</size>
         <input_file_ref idref="fl-df"/>
      </object_component>
      <object_component id="oc-1cc">
         <name>.debug_info</name>
         <load_address>0xee5d</load_address>
         <run_address>0xee5d</run_address>
         <size>0x1d5</size>
         <input_file_ref idref="fl-df"/>
      </object_component>
      <object_component id="oc-274">
         <name>.debug_info</name>
         <load_address>0xf032</load_address>
         <run_address>0xf032</run_address>
         <size>0x2c</size>
         <input_file_ref idref="fl-df"/>
      </object_component>
      <object_component id="oc-76">
         <name>.debug_info</name>
         <load_address>0xf05e</load_address>
         <run_address>0xf05e</run_address>
         <size>0x109</size>
         <input_file_ref idref="fl-e0"/>
      </object_component>
      <object_component id="oc-1a7">
         <name>.debug_info</name>
         <load_address>0xf167</load_address>
         <run_address>0xf167</run_address>
         <size>0x28a</size>
         <input_file_ref idref="fl-e1"/>
      </object_component>
      <object_component id="oc-f5">
         <name>.debug_info</name>
         <load_address>0xf3f1</load_address>
         <run_address>0xf3f1</run_address>
         <size>0x231</size>
         <input_file_ref idref="fl-e1"/>
      </object_component>
      <object_component id="oc-1a5">
         <name>.debug_info</name>
         <load_address>0xf622</load_address>
         <run_address>0xf622</run_address>
         <size>0x284</size>
         <input_file_ref idref="fl-e2"/>
      </object_component>
      <object_component id="oc-ef">
         <name>.debug_info</name>
         <load_address>0xf8a6</load_address>
         <run_address>0xf8a6</run_address>
         <size>0x22a</size>
         <input_file_ref idref="fl-e2"/>
      </object_component>
      <object_component id="oc-224">
         <name>.debug_info</name>
         <load_address>0xfad0</load_address>
         <run_address>0xfad0</run_address>
         <size>0x126</size>
         <input_file_ref idref="fl-e3"/>
      </object_component>
      <object_component id="oc-161">
         <name>.debug_info</name>
         <load_address>0xfbf6</load_address>
         <run_address>0xfbf6</run_address>
         <size>0x2be</size>
         <input_file_ref idref="fl-e4"/>
      </object_component>
      <object_component id="oc-b3">
         <name>.debug_info</name>
         <load_address>0xfeb4</load_address>
         <run_address>0xfeb4</run_address>
         <size>0x113</size>
         <input_file_ref idref="fl-e4"/>
      </object_component>
      <object_component id="oc-15a">
         <name>.debug_info</name>
         <load_address>0xffc7</load_address>
         <run_address>0xffc7</run_address>
         <size>0x21f</size>
         <input_file_ref idref="fl-e4"/>
      </object_component>
      <object_component id="oc-ae">
         <name>.debug_info</name>
         <load_address>0x101e6</load_address>
         <run_address>0x101e6</run_address>
         <size>0x300</size>
         <input_file_ref idref="fl-e5"/>
      </object_component>
      <object_component id="oc-6a">
         <name>.debug_info</name>
         <load_address>0x104e6</load_address>
         <run_address>0x104e6</run_address>
         <size>0x167</size>
         <input_file_ref idref="fl-e5"/>
      </object_component>
      <object_component id="oc-152">
         <name>.debug_info</name>
         <load_address>0x1064d</load_address>
         <run_address>0x1064d</run_address>
         <size>0x5e</size>
         <input_file_ref idref="fl-e5"/>
      </object_component>
      <object_component id="oc-a6">
         <name>.debug_info</name>
         <load_address>0x106ab</load_address>
         <run_address>0x106ab</run_address>
         <size>0x483</size>
         <input_file_ref idref="fl-e6"/>
      </object_component>
      <object_component id="oc-64">
         <name>.debug_info</name>
         <load_address>0x10b2e</load_address>
         <run_address>0x10b2e</run_address>
         <size>0x190</size>
         <input_file_ref idref="fl-e6"/>
      </object_component>
      <object_component id="oc-c6">
         <name>.debug_info</name>
         <load_address>0x10cbe</load_address>
         <run_address>0x10cbe</run_address>
         <size>0x39</size>
         <input_file_ref idref="fl-e6"/>
      </object_component>
      <object_component id="oc-16c">
         <name>.debug_info</name>
         <load_address>0x10cf7</load_address>
         <run_address>0x10cf7</run_address>
         <size>0x39</size>
         <input_file_ref idref="fl-e6"/>
      </object_component>
      <object_component id="oc-cb">
         <name>.debug_info</name>
         <load_address>0x10d30</load_address>
         <run_address>0x10d30</run_address>
         <size>0xcd</size>
         <input_file_ref idref="fl-e6"/>
      </object_component>
      <object_component id="oc-c2">
         <name>.debug_info</name>
         <load_address>0x10dfd</load_address>
         <run_address>0x10dfd</run_address>
         <size>0x37a</size>
         <input_file_ref idref="fl-e7"/>
      </object_component>
      <object_component id="oc-9a">
         <name>.debug_info</name>
         <load_address>0x11177</load_address>
         <run_address>0x11177</run_address>
         <size>0x183</size>
         <input_file_ref idref="fl-e7"/>
      </object_component>
      <object_component id="oc-167">
         <name>.debug_info</name>
         <load_address>0x112fa</load_address>
         <run_address>0x112fa</run_address>
         <size>0x2c</size>
         <input_file_ref idref="fl-e7"/>
      </object_component>
      <object_component id="oc-26d">
         <name>.debug_info</name>
         <load_address>0x11326</load_address>
         <run_address>0x11326</run_address>
         <size>0x156</size>
         <input_file_ref idref="fl-e8"/>
      </object_component>
      <object_component id="oc-a0">
         <name>.debug_info</name>
         <load_address>0x1147c</load_address>
         <run_address>0x1147c</run_address>
         <size>0x145</size>
         <input_file_ref idref="fl-e9"/>
      </object_component>
      <object_component id="oc-2ed">
         <name>.debug_info</name>
         <load_address>0x115c1</load_address>
         <run_address>0x115c1</run_address>
         <size>0x88</size>
      </object_component>
      <object_component id="oc-22f">
         <name>.debug_line</name>
         <load_address>0x0</load_address>
         <run_address>0x0</run_address>
         <size>0xee</size>
         <input_file_ref idref="fl-2"/>
      </object_component>
      <object_component id="oc-124">
         <name>.debug_line</name>
         <load_address>0xee</load_address>
         <run_address>0xee</run_address>
         <size>0x141</size>
         <input_file_ref idref="fl-2"/>
      </object_component>
      <object_component id="oc-1ad">
         <name>.debug_line</name>
         <load_address>0x22f</load_address>
         <run_address>0x22f</run_address>
         <size>0x2c</size>
         <input_file_ref idref="fl-2"/>
      </object_component>
      <object_component id="oc-bd">
         <name>.debug_line</name>
         <load_address>0x25b</load_address>
         <run_address>0x25b</run_address>
         <size>0x20</size>
         <input_file_ref idref="fl-2"/>
      </object_component>
      <object_component id="oc-7f">
         <name>.debug_line</name>
         <load_address>0x27b</load_address>
         <run_address>0x27b</run_address>
         <size>0x6e</size>
         <input_file_ref idref="fl-2"/>
      </object_component>
      <object_component id="oc-93">
         <name>.debug_line</name>
         <load_address>0x2e9</load_address>
         <run_address>0x2e9</run_address>
         <size>0x6e</size>
         <input_file_ref idref="fl-2"/>
      </object_component>
      <object_component id="oc-1a9">
         <name>.debug_line</name>
         <load_address>0x357</load_address>
         <run_address>0x357</run_address>
         <size>0x2c</size>
         <input_file_ref idref="fl-3"/>
      </object_component>
      <object_component id="oc-130">
         <name>.debug_line</name>
         <load_address>0x383</load_address>
         <run_address>0x383</run_address>
         <size>0x148</size>
         <input_file_ref idref="fl-3"/>
      </object_component>
      <object_component id="oc-3d">
         <name>.debug_line</name>
         <load_address>0x4cb</load_address>
         <run_address>0x4cb</run_address>
         <size>0x20</size>
         <input_file_ref idref="fl-3"/>
      </object_component>
      <object_component id="oc-12a">
         <name>.debug_line</name>
         <load_address>0x4eb</load_address>
         <run_address>0x4eb</run_address>
         <size>0xb2</size>
         <input_file_ref idref="fl-4"/>
      </object_component>
      <object_component id="oc-233">
         <name>.debug_line</name>
         <load_address>0x59d</load_address>
         <run_address>0x59d</run_address>
         <size>0x1c6</size>
         <input_file_ref idref="fl-6"/>
      </object_component>
      <object_component id="oc-22d">
         <name>.debug_line</name>
         <load_address>0x763</load_address>
         <run_address>0x763</run_address>
         <size>0x2d</size>
         <input_file_ref idref="fl-6"/>
      </object_component>
      <object_component id="oc-231">
         <name>.debug_line</name>
         <load_address>0x790</load_address>
         <run_address>0x790</run_address>
         <size>0x2d</size>
         <input_file_ref idref="fl-6"/>
      </object_component>
      <object_component id="oc-ab">
         <name>.debug_line</name>
         <load_address>0x7bd</load_address>
         <run_address>0x7bd</run_address>
         <size>0x35d</size>
         <input_file_ref idref="fl-6"/>
      </object_component>
      <object_component id="oc-11e">
         <name>.debug_line</name>
         <load_address>0xb1a</load_address>
         <run_address>0xb1a</run_address>
         <size>0xc9</size>
         <input_file_ref idref="fl-7"/>
      </object_component>
      <object_component id="oc-7b">
         <name>.debug_line</name>
         <load_address>0xbe3</load_address>
         <run_address>0xbe3</run_address>
         <size>0x41</size>
         <input_file_ref idref="fl-8"/>
      </object_component>
      <object_component id="oc-32">
         <name>.debug_line</name>
         <load_address>0xc24</load_address>
         <run_address>0xc24</run_address>
         <size>0x41</size>
         <input_file_ref idref="fl-8"/>
      </object_component>
      <object_component id="oc-2f">
         <name>.debug_line</name>
         <load_address>0xc65</load_address>
         <run_address>0xc65</run_address>
         <size>0xa1</size>
         <input_file_ref idref="fl-8"/>
      </object_component>
      <object_component id="oc-24c">
         <name>.debug_line</name>
         <load_address>0xd06</load_address>
         <run_address>0xd06</run_address>
         <size>0x6c</size>
         <input_file_ref idref="fl-9"/>
      </object_component>
      <object_component id="oc-e0">
         <name>.debug_line</name>
         <load_address>0xd72</load_address>
         <run_address>0xd72</run_address>
         <size>0x135</size>
         <input_file_ref idref="fl-9"/>
      </object_component>
      <object_component id="oc-248">
         <name>.debug_line</name>
         <load_address>0xea7</load_address>
         <run_address>0xea7</run_address>
         <size>0x82</size>
         <input_file_ref idref="fl-f"/>
      </object_component>
      <object_component id="oc-2a2">
         <name>.debug_line</name>
         <load_address>0xf29</load_address>
         <run_address>0xf29</run_address>
         <size>0x7d</size>
         <input_file_ref idref="fl-f"/>
      </object_component>
      <object_component id="oc-2a4">
         <name>.debug_line</name>
         <load_address>0xfa6</load_address>
         <run_address>0xfa6</run_address>
         <size>0x7d</size>
         <input_file_ref idref="fl-f"/>
      </object_component>
      <object_component id="oc-2c0">
         <name>.debug_line</name>
         <load_address>0x1023</load_address>
         <run_address>0x1023</run_address>
         <size>0x7d</size>
         <input_file_ref idref="fl-f"/>
      </object_component>
      <object_component id="oc-284">
         <name>.debug_line</name>
         <load_address>0x10a0</load_address>
         <run_address>0x10a0</run_address>
         <size>0x95</size>
         <input_file_ref idref="fl-f"/>
      </object_component>
      <object_component id="oc-28a">
         <name>.debug_line</name>
         <load_address>0x1135</load_address>
         <run_address>0x1135</run_address>
         <size>0xd1</size>
         <input_file_ref idref="fl-f"/>
      </object_component>
      <object_component id="oc-1eb">
         <name>.debug_line</name>
         <load_address>0x1206</load_address>
         <run_address>0x1206</run_address>
         <size>0x93</size>
         <input_file_ref idref="fl-f"/>
      </object_component>
      <object_component id="oc-1f1">
         <name>.debug_line</name>
         <load_address>0x1299</load_address>
         <run_address>0x1299</run_address>
         <size>0x93</size>
         <input_file_ref idref="fl-f"/>
      </object_component>
      <object_component id="oc-133">
         <name>.debug_line</name>
         <load_address>0x132c</load_address>
         <run_address>0x132c</run_address>
         <size>0x92</size>
         <input_file_ref idref="fl-f"/>
      </object_component>
      <object_component id="oc-1e5">
         <name>.debug_line</name>
         <load_address>0x13be</load_address>
         <run_address>0x13be</run_address>
         <size>0xa7</size>
         <input_file_ref idref="fl-f"/>
      </object_component>
      <object_component id="oc-172">
         <name>.debug_line</name>
         <load_address>0x1465</load_address>
         <run_address>0x1465</run_address>
         <size>0xa9</size>
         <input_file_ref idref="fl-f"/>
      </object_component>
      <object_component id="oc-d5">
         <name>.debug_line</name>
         <load_address>0x150e</load_address>
         <run_address>0x150e</run_address>
         <size>0x99</size>
         <input_file_ref idref="fl-f"/>
      </object_component>
      <object_component id="oc-db">
         <name>.debug_line</name>
         <load_address>0x15a7</load_address>
         <run_address>0x15a7</run_address>
         <size>0x92</size>
         <input_file_ref idref="fl-f"/>
      </object_component>
      <object_component id="oc-13d">
         <name>.debug_line</name>
         <load_address>0x1639</load_address>
         <run_address>0x1639</run_address>
         <size>0x92</size>
         <input_file_ref idref="fl-f"/>
      </object_component>
      <object_component id="oc-2c7">
         <name>.debug_line</name>
         <load_address>0x16cb</load_address>
         <run_address>0x16cb</run_address>
         <size>0x82</size>
         <input_file_ref idref="fl-10"/>
      </object_component>
      <object_component id="oc-203">
         <name>.debug_line</name>
         <load_address>0x174d</load_address>
         <run_address>0x174d</run_address>
         <size>0x91</size>
         <input_file_ref idref="fl-10"/>
      </object_component>
      <object_component id="oc-294">
         <name>.debug_line</name>
         <load_address>0x17de</load_address>
         <run_address>0x17de</run_address>
         <size>0x91</size>
         <input_file_ref idref="fl-10"/>
      </object_component>
      <object_component id="oc-201">
         <name>.debug_line</name>
         <load_address>0x186f</load_address>
         <run_address>0x186f</run_address>
         <size>0xa5</size>
         <input_file_ref idref="fl-10"/>
      </object_component>
      <object_component id="oc-209">
         <name>.debug_line</name>
         <load_address>0x1914</load_address>
         <run_address>0x1914</run_address>
         <size>0x91</size>
         <input_file_ref idref="fl-10"/>
      </object_component>
      <object_component id="oc-21b">
         <name>.debug_line</name>
         <load_address>0x19a5</load_address>
         <run_address>0x19a5</run_address>
         <size>0x91</size>
         <input_file_ref idref="fl-10"/>
      </object_component>
      <object_component id="oc-212">
         <name>.debug_line</name>
         <load_address>0x1a36</load_address>
         <run_address>0x1a36</run_address>
         <size>0x91</size>
         <input_file_ref idref="fl-10"/>
      </object_component>
      <object_component id="oc-218">
         <name>.debug_line</name>
         <load_address>0x1ac7</load_address>
         <run_address>0x1ac7</run_address>
         <size>0x91</size>
         <input_file_ref idref="fl-10"/>
      </object_component>
      <object_component id="oc-2a8">
         <name>.debug_line</name>
         <load_address>0x1b58</load_address>
         <run_address>0x1b58</run_address>
         <size>0x7c</size>
         <input_file_ref idref="fl-11"/>
      </object_component>
      <object_component id="oc-2aa">
         <name>.debug_line</name>
         <load_address>0x1bd4</load_address>
         <run_address>0x1bd4</run_address>
         <size>0x82</size>
         <input_file_ref idref="fl-11"/>
      </object_component>
      <object_component id="oc-2a6">
         <name>.debug_line</name>
         <load_address>0x1c56</load_address>
         <run_address>0x1c56</run_address>
         <size>0x82</size>
         <input_file_ref idref="fl-11"/>
      </object_component>
      <object_component id="oc-17b">
         <name>.debug_line</name>
         <load_address>0x1cd8</load_address>
         <run_address>0x1cd8</run_address>
         <size>0xaf</size>
         <input_file_ref idref="fl-11"/>
      </object_component>
      <object_component id="oc-181">
         <name>.debug_line</name>
         <load_address>0x1d87</load_address>
         <run_address>0x1d87</run_address>
         <size>0xc2</size>
         <input_file_ref idref="fl-11"/>
      </object_component>
      <object_component id="oc-2b9">
         <name>.debug_line</name>
         <load_address>0x1e49</load_address>
         <run_address>0x1e49</run_address>
         <size>0x13d</size>
         <input_file_ref idref="fl-12"/>
      </object_component>
      <object_component id="oc-2c4">
         <name>.debug_line</name>
         <load_address>0x1f86</load_address>
         <run_address>0x1f86</run_address>
         <size>0x7f</size>
         <input_file_ref idref="fl-12"/>
      </object_component>
      <object_component id="oc-1e1">
         <name>.debug_line</name>
         <load_address>0x2005</load_address>
[...]
         <value>0x200005ae</value>
         <object_component_ref idref="oc-13e"/>
      </symbol>
      <symbol id="sm-1c0">
         <name>config_pid_timer</name>
         <value>0x3a9</value>
         <object_component_ref idref="oc-a7"/>
      </symbol>
      <symbol id="sm-1c1">
         <name>pid_parm_init</name>
         <value>0x32f</value>
         <object_component_ref idref="oc-a7"/>
      </symbol>
      <symbol id="sm-1c2">
         <name>uart_config</name>
         <value>0x2fb</value>
         <object_component_ref idref="oc-a7"/>
      </symbol>
      <symbol id="sm-1c3">
         <name>process_start</name>
         <value>0x200005a8</value>
         <object_component_ref idref="oc-13e"/>
      </symbol>
      <symbol id="sm-1c4">
         <name>config_imu_timer</name>
         <value>0x42b</value>
         <object_component_ref idref="oc-a7"/>
      </symbol>
      <symbol id="sm-1c5">
         <name>start</name>
         <value>0x2000059d</value>
         <object_component_ref idref="oc-13e"/>
      </symbol>
      <symbol id="sm-1c6">
         <name>x</name>
         <value>0x200005b0</value>
         <object_component_ref idref="oc-13e"/>
      </symbol>
      <symbol id="sm-1c7">
         <name>t</name>
         <value>0x20000590</value>
         <object_component_ref idref="oc-13e"/>
      </symbol>
      <symbol id="sm-1c8">
         <name>n</name>
         <value>0x200005af</value>
         <object_component_ref idref="oc-13e"/>
      </symbol>
      <symbol id="sm-1c9">
         <name>speed_motor_left</name>
         <value>0x20000584</value>
         <object_component_ref idref="oc-13e"/>
      </symbol>
      <symbol id="sm-1ca">
         <name>speed_check</name>
         <value>0x2000058c</value>
         <object_component_ref idref="oc-13e"/>
      </symbol>
      <symbol id="sm-1cb">
         <name>main</name>
         <value>0x6d9</value>
         <object_component_ref idref="oc-a7"/>
      </symbol>
      <symbol id="sm-1cc">
         <name>io_init</name>
         <value>0x26d</value>
         <object_component_ref idref="oc-a7"/>
      </symbol>
      <symbol id="sm-1cd">
         <name>right_speed_set</name>
         <value>0x20000598</value>
         <object_component_ref idref="oc-13e"/>
      </symbol>
      <symbol id="sm-1ce">
         <name>right_flag</name>
         <value>0x200005a4</value>
         <object_component_ref idref="oc-13e"/>
      </symbol>
      <symbol id="sm-1cf">
         <name>split_str</name>
         <value>0x4ad</value>
         <object_component_ref idref="oc-a7"/>
      </symbol>
      <symbol id="sm-1d0">
         <name>status_odd_send</name>
         <value>0x200005b1</value>
         <object_component_ref idref="oc-13e"/>
      </symbol>
      <symbol id="sm-1d1">
         <name>set_point</name>
         <value>0x20000574</value>
         <object_component_ref idref="oc-13e"/>
      </symbol>
      <symbol id="sm-1d2">
         <name>state_start</name>
         <value>0x2000059c</value>
         <object_component_ref idref="oc-13e"/>
      </symbol>
      <symbol id="sm-1d3">
         <name>state_begin</name>
         <value>0x200005ad</value>
         <object_component_ref idref="oc-13e"/>
      </symbol>
      <symbol id="sm-1d4">
         <name>left_speed_set</name>
         <value>0x20000594</value>
         <object_component_ref idref="oc-13e"/>
      </symbol>
      <symbol id="sm-1d5">
         <name>str</name>
         <value>0x200005c0</value>
         <object_component_ref idref="oc-147"/>
      </symbol>
      <symbol id="sm-1d6">
         <name>NumSpdSet</name>
         <value>0x20000580</value>
         <object_component_ref idref="oc-13e"/>
      </symbol>
      <symbol id="sm-1d7">
         <name>pos_motor_right</name>
         <value>0x2000057c</value>
         <object_component_ref idref="oc-13e"/>
      </symbol>
      <symbol id="sm-1d8">
         <name>process_done</name>
         <value>0x200005ac</value>
         <object_component_ref idref="oc-13e"/>
      </symbol>
      <symbol id="sm-1d9">
         <name>strtoint</name>
         <value>0x5b5</value>
         <object_component_ref idref="oc-a7"/>
      </symbol>
      <symbol id="sm-1da">
         <name>pos_motor_left</name>
         <value>0x20000578</value>
         <object_component_ref idref="oc-13e"/>
      </symbol>
      <symbol id="sm-1db">
         <name>left_flag</name>
         <value>0x200005a0</value>
         <object_component_ref idref="oc-13e"/>
      </symbol>
      <symbol id="sm-1dc">
         <name>speed_motor_right</name>
         <value>0x20000588</value>
         <object_component_ref idref="oc-13e"/>
      </symbol>
      <symbol id="sm-1fe">
         <name>qei_init</name>
         <value>0x287d</value>
         <object_component_ref idref="oc-11a"/>
      </symbol>
      <symbol id="sm-1ff">
         <name>qei_getPosLeft</name>
         <value>0x29c9</value>
         <object_component_ref idref="oc-11a"/>
      </symbol>
      <symbol id="sm-200">
         <name>qei_setPosLeft</name>
         <value>0x29e9</value>
         <object_component_ref idref="oc-11a"/>
      </symbol>
      <symbol id="sm-201">
         <name>qei_setPosRight</name>
         <value>0x29fd</value>
         <object_component_ref idref="oc-11a"/>
      </symbol>
      <symbol id="sm-202">
         <name>qei_getPosRight</name>
         <value>0x29d9</value>
         <object_component_ref idref="oc-11a"/>
      </symbol>
      <symbol id="sm-21e">
         <name>ResetISR</name>
         <value>0x3b13</value>
         <object_component_ref idref="oc-2b"/>
      </symbol>
      <symbol id="sm-21f">
         <name>g_pfnVectors</name>
         <value>0x0</value>
         <object_component_ref idref="oc-f"/>
      </symbol>
      <symbol id="sm-256">
         <name>uart_init</name>
         <value>0x25c9</value>
         <object_component_ref idref="oc-dc"/>
      </symbol>
      <symbol id="sm-257">
         <name>CheckNetworkFrame</name>
         <value>0x2805</value>
         <object_component_ref idref="oc-dc"/>
      </symbol>
      <symbol id="sm-258">
         <name>uart_put_str</name>
         <value>0x26cd</value>
         <object_component_ref idref="oc-dc"/>
      </symbol>
      <symbol id="sm-259">
         <name>uart_put_num</name>
         <value>0x270d</value>
         <object_component_ref idref="oc-dc"/>
      </symbol>
      <symbol id="sm-2d2">
         <name>GPIOIntRegister</name>
         <value>0x3a19</value>
         <object_component_ref idref="oc-d0"/>
      </symbol>
      <symbol id="sm-2d3">
         <name>GPIOPinConfigure</name>
         <value>0x37e5</value>
         <object_component_ref idref="oc-1e4"/>
      </symbol>
      <symbol id="sm-2d4">
         <name>GPIOPinTypeI2CSCL</name>
         <value>0x3adb</value>
         <object_component_ref idref="oc-1ea"/>
      </symbol>
      <symbol id="sm-2d5">
         <name>GPIOIntEnable</name>
         <value>0x3afb</value>
         <object_component_ref idref="oc-d6"/>
      </symbol>
      <symbol id="sm-2d6">
         <name>GPIOPinTypeI2C</name>
         <value>0x3ac9</value>
         <object_component_ref idref="oc-1f0"/>
      </symbol>
      <symbol id="sm-2d7">
         <name>GPIOIntClear</name>
         <value>0x3b39</value>
         <object_component_ref idref="oc-138"/>
      </symbol>
      <symbol id="sm-2d8">
         <name>GPIOPinRead</name>
         <value>0x3b3f</value>
         <object_component_ref idref="oc-132"/>
      </symbol>
      <symbol id="sm-2d9">
         <name>GPIODirModeSet</name>
         <value>0x39cf</value>
         <object_component_ref idref="oc-281"/>
      </symbol>
      <symbol id="sm-2da">
         <name>GPIOPadConfigSet</name>
         <value>0x2ebb</value>
         <object_component_ref idref="oc-287"/>
      </symbol>
      <symbol id="sm-31b">
         <name>I2CMasterDataPut</name>
         <value>0x3b53</value>
         <object_component_ref idref="oc-208"/>
      </symbol>
      <symbol id="sm-31c">
         <name>I2CMasterInitExpClk</name>
         <value>0x3701</value>
         <object_component_ref idref="oc-1fc"/>
      </symbol>
      <symbol id="sm-31d">
         <name>I2CMasterSlaveAddrSet</name>
         <value>0x3b31</value>
         <object_component_ref idref="oc-202"/>
      </symbol>
      <symbol id="sm-31e">
         <name>I2CMasterDataGet</name>
         <value>0x3b4f</value>
         <object_component_ref idref="oc-21a"/>
      </symbol>
      <symbol id="sm-31f">
         <name>I2CMasterControl</name>
         <value>0x3b4b</value>
         <object_component_ref idref="oc-20e"/>
      </symbol>
      <symbol id="sm-320">
         <name>I2CMasterBusy</name>
         <value>0x3b29</value>
         <object_component_ref idref="oc-214"/>
      </symbol>
      <symbol id="sm-321">
         <name>I2CMasterEnable</name>
         <value>0x3b1f</value>
         <object_component_ref idref="oc-293"/>
      </symbol>
      <symbol id="sm-35a">
         <name>IntEnable</name>
         <value>0x3589</value>
         <object_component_ref idref="oc-17d"/>
      </symbol>
      <symbol id="sm-35b">
         <name>IntRegister</name>
         <value>0x3939</value>
         <object_component_ref idref="oc-177"/>
      </symbol>
      <symbol id="sm-35c">
         <name>g_pfnRAMVectors</name>
         <value>0x20000000</value>
         <object_component_ref idref="oc-23e"/>
      </symbol>
      <symbol id="sm-398">
         <name>SysCtlDelay</name>
         <value>0x3b45</value>
         <object_component_ref idref="oc-1e3"/>
      </symbol>
      <symbol id="sm-399">
         <name>SysCtlPeripheralEnable</name>
         <value>0x396d</value>
         <object_component_ref idref="oc-1dd"/>
      </symbol>
      <symbol id="sm-39a">
         <name>SysCtlClockGet</name>
         <value>0x2fed</value>
         <object_component_ref idref="oc-1f6"/>
      </symbol>
      <symbol id="sm-3c6">
         <name>TimerIntRegister</name>
         <value>0x3a31</value>
         <object_component_ref idref="oc-e8"/>
      </symbol>
      <symbol id="sm-3f2">
         <name>UARTIntRegister</name>
         <value>0x3a49</value>
         <object_component_ref idref="oc-e2"/>
      </symbol>
      <symbol id="sm-404">
         <name>_c_int00</name>
         <value>0x3659</value>
         <object_component_ref idref="oc-24"/>
      </symbol>
      <symbol id="sm-405">
         <name>__stack</name>
         <value>0x2000026c</value>
         <object_component_ref idref="oc-2a"/>
      </symbol>
      <symbol id="sm-423">
         <name>__TI_decompress_lzss</name>
         <value>0x35f1</value>
         <object_component_ref idref="oc-12"/>
      </symbol>
      <symbol id="sm-43a">
         <name>__TI_decompress_none</name>
         <value>0x3aed</value>
         <object_component_ref idref="oc-18"/>
      </symbol>
      <symbol id="sm-44c">
         <name>__TI_zero_init</name>
         <value>0x3b07</value>
         <object_component_ref idref="oc-1e"/>
      </symbol>
      <symbol id="sm-47a">
         <name>log10</name>
         <value>0x22d1</value>
         <object_component_ref idref="oc-186"/>
      </symbol>
      <symbol id="sm-47b">
         <name>log10l</name>
         <value>0x22d1</value>
         <object_component_ref idref="oc-186"/>
      </symbol>
      <symbol id="sm-506">
         <name>pow</name>
         <value>0xd45</value>
         <object_component_ref idref="oc-102"/>
      </symbol>
      <symbol id="sm-507">
         <name>powl</name>
         <value>0xd45</value>
         <object_component_ref idref="oc-102"/>
      </symbol>
      <symbol id="sm-52b">
         <name>sqrtl</name>
         <value>0x2c15</value>
         <object_component_ref idref="oc-1b5"/>
      </symbol>
      <symbol id="sm-52c">
         <name>sqrt</name>
         <value>0x2c15</value>
         <object_component_ref idref="oc-1b5"/>
      </symbol>
      <symbol id="sm-534">
         <name>errno</name>
         <value>0x200005d4</value>
         <object_component_ref idref="oc-1bb"/>
      </symbol>
      <symbol id="sm-555">
         <name>C$$EXIT</name>
         <value>0x36ad</value>
         <object_component_ref idref="oc-6f"/>
      </symbol>
      <symbol id="sm-556">
         <name>abort</name>
         <value>0x36b1</value>
         <object_component_ref idref="oc-6f"/>
      </symbol>
      <symbol id="sm-557">
         <name>exit</name>
         <value>0x36b9</value>
         <object_component_ref idref="oc-6f"/>
      </symbol>
      <symbol id="sm-558">
         <name>__TI_dtors_ptr</name>
         <value>0x200005b8</value>
         <object_component_ref idref="oc-af"/>
      </symbol>
      <symbol id="sm-559">
         <name>__TI_cleanup_ptr</name>
         <value>0x200005b4</value>
         <object_component_ref idref="oc-af"/>
      </symbol>
      <symbol id="sm-55a">
         <name>__TI_enable_exit_profile_output</name>
         <value>0x200005bc</value>
         <object_component_ref idref="oc-af"/>
      </symbol>
      <symbol id="sm-571">
         <name>__aeabi_dsub</name>
         <value>0x2a5d</value>
         <object_component_ref idref="oc-10d"/>
      </symbol>
      <symbol id="sm-572">
         <name>__aeabi_dadd</name>
         <value>0x2a67</value>
         <object_component_ref idref="oc-10d"/>
      </symbol>
      <symbol id="sm-594">
         <name>__aeabi_cdcmpeq</name>
         <value>0x3391</value>
         <object_component_ref idref="oc-1c1"/>
      </symbol>
      <symbol id="sm-595">
         <name>__aeabi_cdcmple</name>
         <value>0x3391</value>
         <object_component_ref idref="oc-1c1"/>
      </symbol>
      <symbol id="sm-596">
         <name>__aeabi_cdrcmple</name>
         <value>0x3417</value>
         <object_component_ref idref="oc-1c6"/>
      </symbol>
      <symbol id="sm-5aa">
         <name>__aeabi_ddiv</name>
         <value>0x2d85</value>
         <object_component_ref idref="oc-1b0"/>
      </symbol>
      <symbol id="sm-5b5">
         <name>__aeabi_dmul</name>
         <value>0x30fd</value>
         <object_component_ref idref="oc-108"/>
      </symbol>
      <symbol id="sm-5bf">
         <name>__aeabi_d2iz</name>
         <value>0x382d</value>
         <object_component_ref idref="oc-112"/>
      </symbol>
      <symbol id="sm-5c9">
         <name>__aeabi_d2uiz</name>
         <value>0x3875</value>
         <object_component_ref idref="oc-18c"/>
      </symbol>
      <symbol id="sm-5d3">
         <name>__aeabi_i2d</name>
         <value>0x39a1</value>
         <object_component_ref idref="oc-fd"/>
      </symbol>
      <symbol id="sm-5ee">
         <name>memcpy</name>
         <value>0x32f5</value>
         <object_component_ref idref="oc-3f"/>
      </symbol>
      <symbol id="sm-5ef">
         <name>__aeabi_memcpy</name>
         <value>0x32f5</value>
         <object_component_ref idref="oc-3f"/>
      </symbol>
      <symbol id="sm-5f0">
         <name>__aeabi_memcpy8</name>
         <value>0x32f5</value>
         <object_component_ref idref="oc-3f"/>
      </symbol>
      <symbol id="sm-5f1">
         <name>__aeabi_memcpy4</name>
         <value>0x32f5</value>
         <object_component_ref idref="oc-3f"/>
      </symbol>
      <symbol id="sm-600">
         <name>__aeabi_memset</name>
         <value>0x349f</value>
         <object_component_ref idref="oc-4b"/>
      </symbol>
      <symbol id="sm-601">
         <name>memset</name>
         <value>0x34a5</value>
         <object_component_ref idref="oc-4b"/>
      </symbol>
      <symbol id="sm-602">
         <name>__aeabi_memset8</name>
         <value>0x349f</value>
         <object_component_ref idref="oc-4b"/>
      </symbol>
      <symbol id="sm-603">
         <name>__aeabi_memset4</name>
         <value>0x349f</value>
         <object_component_ref idref="oc-4b"/>
      </symbol>
      <symbol id="sm-604">
         <name>__aeabi_memclr8</name>
         <value>0x349d</value>
         <object_component_ref idref="oc-4b"/>
      </symbol>
      <symbol id="sm-605">
         <name>__aeabi_memclr4</name>
         <value>0x349d</value>
         <object_component_ref idref="oc-4b"/>
      </symbol>
      <symbol id="sm-606">
         <name>__aeabi_memclr</name>
         <value>0x349d</value>
         <object_component_ref idref="oc-4b"/>
      </symbol>
      <symbol id="sm-610">
         <name>__mpu_init</name>
         <value>0x2c13</value>
         <object_component_ref idref="oc-57"/>
      </symbol>
      <symbol id="sm-61a">
         <name>_system_pre_init</name>
         <value>0x3b57</value>
         <object_component_ref idref="oc-5d"/>
      </symbol>
      <symbol id="sm-63c">
         <name>scalbn</name>
         <value>0x31f9</value>
         <object_component_ref idref="oc-1cb"/>
      </symbol>
      <symbol id="sm-63d">
         <name>scalbnl</name>
         <value>0x31f9</value>
         <object_component_ref idref="oc-1cb"/>
      </symbol>
      <symbol id="sm-63e">
         <name>ldexpl</name>
         <value>0x31f9</value>
         <object_component_ref idref="oc-1cb"/>
      </symbol>
      <symbol id="sm-63f">
         <name>ldexp</name>
         <value>0x31f9</value>
         <object_component_ref idref="oc-1cb"/>
      </symbol>
      <symbol id="sm-647">
         <name>main_func_sp</name>
         <value>0x200005d8</value>
         <object_component_ref idref="oc-75"/>
      </symbol>
      <symbol id="sm-655">
         <name>strcpy</name>
         <value>0x3aa1</value>
         <object_component_ref idref="oc-f4"/>
      </symbol>
      <symbol id="sm-663">
         <name>strlen</name>
         <value>0x3ab5</value>
         <object_component_ref idref="oc-ee"/>
      </symbol>
      <symbol id="sm-66d">
         <name>__aeabi_ui2d</name>
         <value>0x39f9</value>
         <object_component_ref idref="oc-223"/>
      </symbol>
      <symbol id="sm-686">
         <name>_nop</name>
         <value>0x3a87</value>
         <object_component_ref idref="oc-159"/>
      </symbol>
      <symbol id="sm-687">
         <name>_lock</name>
         <value>0x200005cc</value>
         <object_component_ref idref="oc-b2"/>
      </symbol>
      <symbol id="sm-688">
         <name>_unlock</name>
         <value>0x200005d0</value>
         <object_component_ref idref="oc-b2"/>
      </symbol>
      <symbol id="sm-689">
         <name>_register_lock</name>
         <value>0x3a7f</value>
         <object_component_ref idref="oc-159"/>
      </symbol>
      <symbol id="sm-68a">
         <name>_register_unlock</name>
         <value>0x3a79</value>
         <object_component_ref idref="oc-159"/>
      </symbol>
      <symbol id="sm-69e">
         <name>_args_main</name>
         <value>0x3a61</value>
         <object_component_ref idref="oc-69"/>
      </symbol>
      <symbol id="sm-6c8">
         <name>__TI_auto_init</name>
         <value>0x3519</value>
         <object_component_ref idref="oc-63"/>
      </symbol>
      <symbol id="sm-6e2">
         <name>copy_in</name>
         <value>0x3799</value>
         <object_component_ref idref="oc-99"/>
      </symbol>
      <symbol id="sm-6ec">
         <name>copysign</name>
         <value>0x3a8d</value>
         <object_component_ref idref="oc-26c"/>
      </symbol>
      <symbol id="sm-6ed">
         <name>copysignl</name>
         <value>0x3a8d</value>
         <object_component_ref idref="oc-26c"/>
      </symbol>
      <symbol id="sm-6f7">
         <name>_system_post_cinit</name>
         <value>0x3517</value>
         <object_component_ref idref="oc-9f"/>
      </symbol>
      <symbol id="sm-6f8">
         <name>__TI_static_base__</name>
         <value>0x0</value>
      </symbol>
      <symbol id="sm-6fb">
         <name>SHT$$INIT_ARRAY$$Limit</name>
         <value>0x0</value>
      </symbol>
      <symbol id="sm-6fc">
         <name>SHT$$INIT_ARRAY$$Base</name>
         <value>0x0</value>
      </symbol>
   </symbol_table>
   <title>Link successful</title>
</link_info>
