<?xml version="1.0"?>
<link_info>
   <banner>TI ARM Linker PC v5.2.5</banner>
   <copyright>Copyright (c) 1996-2015 Texas Instruments Incorporated</copyright>
   <link_time>0x59d28a66</link_time>
   <link_errors>0x0</link_errors>
   <output_file>Encoder.out</output_file>
   <entry_point>
      <name>_c_int00</name>
      <address>0x2ad1</address>
   </entry_point>
   <input_file_list>
      <input_file id="fl-2">
         <path>.\</path>
         <kind>object</kind>
         <file>PID.obj</file>
         <name>PID.obj</name>
      </input_file>
      <input_file id="fl-3">
         <path>.\</path>
         <kind>object</kind>
         <file>PWM.obj</file>
         <name>PWM.obj</name>
      </input_file>
      <input_file id="fl-4">
         <path>.\</path>
         <kind>object</kind>
         <file>gpio.obj</file>
         <name>gpio.obj</name>
      </input_file>
      <input_file id="fl-5">
         <path>.\</path>
         <kind>object</kind>
         <file>main.obj</file>
         <name>main.obj</name>
      </input_file>
      <input_file id="fl-6">
         <path>.\</path>
         <kind>object</kind>
         <file>qei.obj</file>
         <name>qei.obj</name>
      </input_file>
      <input_file id="fl-7">
         <path>.\</path>
         <kind>object</kind>
         <file>tm4c123gh6pm_startup_ccs.obj</file>
         <name>tm4c123gh6pm_startup_ccs.obj</name>
      </input_file>
      <input_file id="fl-8">
         <path>.\</path>
         <kind>object</kind>
         <file>uart.obj</file>
         <name>uart.obj</name>
      </input_file>
      <input_file id="fl-e">
         <path>..\</path>
         <kind>archive</kind>
         <file>driverlib.lib</file>
         <name>gpio.obj</name>
      </input_file>
      <input_file id="fl-f">
         <path>..\</path>
         <kind>archive</kind>
         <file>driverlib.lib</file>
         <name>interrupt.obj</name>
      </input_file>
      <input_file id="fl-10">
         <path>..\</path>
         <kind>archive</kind>
         <file>driverlib.lib</file>
         <name>timer.obj</name>
      </input_file>
      <input_file id="fl-11">
         <path>..\</path>
         <kind>archive</kind>
         <file>driverlib.lib</file>
         <name>uart.obj</name>
      </input_file>
      <input_file id="fl-12">
         <path>..\</path>
         <kind>archive</kind>
         <file>driverlib.lib</file>
         <name>cpu.obj</name>
      </input_file>
      <input_file id="fl-134">
         <path>C:\ti\ccsv6\tools\compiler\ti-cgt-arm_5.2.5\lib\</path>
         <kind>archive</kind>
         <file>rtsv7M4_T_le_v4SPD16_eabi.lib</file>
         <name>boot.obj</name>
      </input_file>
      <input_file id="fl-135">
         <path>C:\ti\ccsv6\tools\compiler\ti-cgt-arm_5.2.5\lib\</path>
         <kind>archive</kind>
         <file>rtsv7M4_T_le_v4SPD16_eabi.lib</file>
         <name>copy_decompress_none.obj</name>
      </input_file>
      <input_file id="fl-136">
         <path>C:\ti\ccsv6\tools\compiler\ti-cgt-arm_5.2.5\lib\</path>
         <kind>archive</kind>
         <file>rtsv7M4_T_le_v4SPD16_eabi.lib</file>
         <name>copy_decompress_rle.obj</name>
      </input_file>
      <input_file id="fl-137">
         <path>C:\ti\ccsv6\tools\compiler\ti-cgt-arm_5.2.5\lib\</path>
         <kind>archive</kind>
         <file>rtsv7M4_T_le_v4SPD16_eabi.lib</file>
         <name>copy_zero_init.obj</name>
      </input_file>
      <input_file id="fl-138">
         <path>C:\ti\ccsv6\tools\compiler\ti-cgt-arm_5.2.5\lib\</path>
         <kind>archive</kind>
         <file>rtsv7M4_T_le_v4SPD16_eabi.lib</file>
         <name>exit.obj</name>
      </input_file>
      <input_file id="fl-139">
         <path>C:\ti\ccsv6\tools\compiler\ti-cgt-arm_5.2.5\lib\</path>
         <kind>archive</kind>
         <file>rtsv7M4_T_le_v4SPD16_eabi.lib</file>
         <name>fd_add_t2.obj</name>
      </input_file>
      <input_file id="fl-13a">
         <path>C:\ti\ccsv6\tools\compiler\ti-cgt-arm_5.2.5\lib\</path>
         <kind>archive</kind>
         <file>rtsv7M4_T_le_v4SPD16_eabi.lib</file>
         <name>fd_mul_t2.obj</name>
      </input_file>
      <input_file id="fl-13b">
         <path>C:\ti\ccsv6\tools\compiler\ti-cgt-arm_5.2.5\lib\</path>
         <kind>archive</kind>
         <file>rtsv7M4_T_le_v4SPD16_eabi.lib</file>
         <name>fd_toi_t2.obj</name>
      </input_file>
      <input_file id="fl-13c">
         <path>C:\ti\ccsv6\tools\compiler\ti-cgt-arm_5.2.5\lib\</path>
         <kind>archive</kind>
         <file>rtsv7M4_T_le_v4SPD16_eabi.lib</file>
         <name>fd_tou_t2.obj</name>
      </input_file>
      <input_file id="fl-13d">
         <path>C:\ti\ccsv6\tools\compiler\ti-cgt-arm_5.2.5\lib\</path>
         <kind>archive</kind>
         <file>rtsv7M4_T_le_v4SPD16_eabi.lib</file>
         <name>i_tofd_t2.obj</name>
      </input_file>
      <input_file id="fl-13e">
         <path>C:\ti\ccsv6\tools\compiler\ti-cgt-arm_5.2.5\lib\</path>
         <kind>archive</kind>
         <file>rtsv7M4_T_le_v4SPD16_eabi.lib</file>
         <name>memcpy_t2.obj</name>
      </input_file>
      <input_file id="fl-13f">
         <path>C:\ti\ccsv6\tools\compiler\ti-cgt-arm_5.2.5\lib\</path>
         <kind>archive</kind>
         <file>rtsv7M4_T_le_v4SPD16_eabi.lib</file>
         <name>memset_t2.obj</name>
      </input_file>
      <input_file id="fl-140">
         <path>C:\ti\ccsv6\tools\compiler\ti-cgt-arm_5.2.5\lib\</path>
         <kind>archive</kind>
         <file>rtsv7M4_T_le_v4SPD16_eabi.lib</file>
         <name>pow.obj</name>
      </input_file>
      <input_file id="fl-141">
         <path>C:\ti\ccsv6\tools\compiler\ti-cgt-arm_5.2.5\lib\</path>
         <kind>archive</kind>
         <file>rtsv7M4_T_le_v4SPD16_eabi.lib</file>
         <name>pre_init.obj</name>
      </input_file>
      <input_file id="fl-142">
         <path>C:\ti\ccsv6\tools\compiler\ti-cgt-arm_5.2.5\lib\</path>
         <kind>archive</kind>
         <file>rtsv7M4_T_le_v4SPD16_eabi.lib</file>
         <name>stkdepth_vars.obj</name>
      </input_file>
      <input_file id="fl-143">
         <path>C:\ti\ccsv6\tools\compiler\ti-cgt-arm_5.2.5\lib\</path>
         <kind>archive</kind>
         <file>rtsv7M4_T_le_v4SPD16_eabi.lib</file>
         <name>strcpy.obj</name>
      </input_file>
      <input_file id="fl-144">
         <path>C:\ti\ccsv6\tools\compiler\ti-cgt-arm_5.2.5\lib\</path>
         <kind>archive</kind>
         <file>rtsv7M4_T_le_v4SPD16_eabi.lib</file>
         <name>strlen.obj</name>
      </input_file>
      <input_file id="fl-145">
         <path>C:\ti\ccsv6\tools\compiler\ti-cgt-arm_5.2.5\lib\</path>
         <kind>archive</kind>
         <file>rtsv7M4_T_le_v4SPD16_eabi.lib</file>
         <name>strtok.obj</name>
      </input_file>
      <input_file id="fl-146">
         <path>C:\ti\ccsv6\tools\compiler\ti-cgt-arm_5.2.5\lib\</path>
         <kind>archive</kind>
         <file>rtsv7M4_T_le_v4SPD16_eabi.lib</file>
         <name>u_tofd_t2.obj</name>
      </input_file>
      <input_file id="fl-147">
         <path>C:\ti\ccsv6\tools\compiler\ti-cgt-arm_5.2.5\lib\</path>
         <kind>archive</kind>
         <file>rtsv7M4_T_le_v4SPD16_eabi.lib</file>
         <name>xdint.obj</name>
      </input_file>
      <input_file id="fl-148">
         <path>C:\ti\ccsv6\tools\compiler\ti-cgt-arm_5.2.5\lib\</path>
         <kind>archive</kind>
         <file>rtsv7M4_T_le_v4SPD16_eabi.lib</file>
         <name>xdunscal.obj</name>
      </input_file>
      <input_file id="fl-149">
         <path>C:\ti\ccsv6\tools\compiler\ti-cgt-arm_5.2.5\lib\</path>
         <kind>archive</kind>
         <file>rtsv7M4_T_le_v4SPD16_eabi.lib</file>
         <name>xexp.obj</name>
      </input_file>
      <input_file id="fl-14a">
         <path>C:\ti\ccsv6\tools\compiler\ti-cgt-arm_5.2.5\lib\</path>
         <kind>archive</kind>
         <file>rtsv7M4_T_le_v4SPD16_eabi.lib</file>
         <name>xferaise.obj</name>
      </input_file>
      <input_file id="fl-14b">
         <path>C:\ti\ccsv6\tools\compiler\ti-cgt-arm_5.2.5\lib\</path>
         <kind>archive</kind>
         <file>rtsv7M4_T_le_v4SPD16_eabi.lib</file>
         <name>xvalues.obj</name>
      </input_file>
      <input_file id="fl-14c">
         <path>C:\ti\ccsv6\tools\compiler\ti-cgt-arm_5.2.5\lib\</path>
         <kind>archive</kind>
         <file>rtsv7M4_T_le_v4SPD16_eabi.lib</file>
         <name>_lock.obj</name>
      </input_file>
      <input_file id="fl-14d">
         <path>C:\ti\ccsv6\tools\compiler\ti-cgt-arm_5.2.5\lib\</path>
         <kind>archive</kind>
         <file>rtsv7M4_T_le_v4SPD16_eabi.lib</file>
         <name>args_main.obj</name>
      </input_file>
      <input_file id="fl-14e">
         <path>C:\ti\ccsv6\tools\compiler\ti-cgt-arm_5.2.5\lib\</path>
         <kind>archive</kind>
         <file>rtsv7M4_T_le_v4SPD16_eabi.lib</file>
         <name>autoinit.obj</name>
      </input_file>
      <input_file id="fl-14f">
         <path>C:\ti\ccsv6\tools\compiler\ti-cgt-arm_5.2.5\lib\</path>
         <kind>archive</kind>
         <file>rtsv7M4_T_le_v4SPD16_eabi.lib</file>
         <name>cpy_tbl.obj</name>
      </input_file>
      <input_file id="fl-150">
         <path>C:\ti\ccsv6\tools\compiler\ti-cgt-arm_5.2.5\lib\</path>
         <kind>archive</kind>
         <file>rtsv7M4_T_le_v4SPD16_eabi.lib</file>
         <name>errno.obj</name>
      </input_file>
      <input_file id="fl-151">
         <path>C:\ti\ccsv6\tools\compiler\ti-cgt-arm_5.2.5\lib\</path>
         <kind>archive</kind>
         <file>rtsv7M4_T_le_v4SPD16_eabi.lib</file>
         <name>fd_cmp_t2.obj</name>
      </input_file>
      <input_file id="fl-152">
         <path>C:\ti\ccsv6\tools\compiler\ti-cgt-arm_5.2.5\lib\</path>
         <kind>archive</kind>
         <file>rtsv7M4_T_le_v4SPD16_eabi.lib</file>
         <name>fd_div_t2.obj</name>
      </input_file>
      <input_file id="fl-153">
         <path>C:\ti\ccsv6\tools\compiler\ti-cgt-arm_5.2.5\lib\</path>
         <kind>archive</kind>
         <file>rtsv7M4_T_le_v4SPD16_eabi.lib</file>
         <name>feraiseexcept.obj</name>
      </input_file>
      <input_file id="fl-154">
         <path>C:\ti\ccsv6\tools\compiler\ti-cgt-arm_5.2.5\lib\</path>
         <kind>archive</kind>
         <file>rtsv7M4_T_le_v4SPD16_eabi.lib</file>
         <name>log.obj</name>
      </input_file>
      <input_file id="fl-155">
         <path>C:\ti\ccsv6\tools\compiler\ti-cgt-arm_5.2.5\lib\</path>
         <kind>archive</kind>
         <file>rtsv7M4_T_le_v4SPD16_eabi.lib</file>
         <name>raise.obj</name>
      </input_file>
      <input_file id="fl-156">
         <path>C:\ti\ccsv6\tools\compiler\ti-cgt-arm_5.2.5\lib\</path>
         <kind>archive</kind>
         <file>rtsv7M4_T_le_v4SPD16_eabi.lib</file>
         <name>signal.obj</name>
      </input_file>
      <input_file id="fl-157">
         <path>C:\ti\ccsv6\tools\compiler\ti-cgt-arm_5.2.5\lib\</path>
         <kind>archive</kind>
         <file>rtsv7M4_T_le_v4SPD16_eabi.lib</file>
         <name>strcspn.obj</name>
      </input_file>
      <input_file id="fl-158">
         <path>C:\ti\ccsv6\tools\compiler\ti-cgt-arm_5.2.5\lib\</path>
         <kind>archive</kind>
         <file>rtsv7M4_T_le_v4SPD16_eabi.lib</file>
         <name>strspn.obj</name>
      </input_file>
      <input_file id="fl-159">
         <path>C:\ti\ccsv6\tools\compiler\ti-cgt-arm_5.2.5\lib\</path>
         <kind>archive</kind>
         <file>rtsv7M4_T_le_v4SPD16_eabi.lib</file>
         <name>xdnorm.obj</name>
      </input_file>
      <input_file id="fl-15a">
         <path>C:\ti\ccsv6\tools\compiler\ti-cgt-arm_5.2.5\lib\</path>
         <kind>archive</kind>
         <file>rtsv7M4_T_le_v4SPD16_eabi.lib</file>
         <name>xdscale.obj</name>
      </input_file>
      <input_file id="fl-15b">
         <path>C:\ti\ccsv6\tools\compiler\ti-cgt-arm_5.2.5\lib\</path>
         <kind>archive</kind>
         <file>rtsv7M4_T_le_v4SPD16_eabi.lib</file>
         <name>xlog.obj</name>
      </input_file>
      <input_file id="fl-15c">
         <path>C:\ti\ccsv6\tools\compiler\ti-cgt-arm_5.2.5\lib\</path>
         <kind>archive</kind>
         <file>rtsv7M4_T_le_v4SPD16_eabi.lib</file>
         <name>fs_tod_t2.obj</name>
      </input_file>
      <input_file id="fl-15d">
         <path>C:\ti\ccsv6\tools\compiler\ti-cgt-arm_5.2.5\lib\</path>
         <kind>archive</kind>
         <file>rtsv7M4_T_le_v4SPD16_eabi.lib</file>
         <name>xfvalues.obj</name>
      </input_file>
   </input_file_list>
   <object_component_list>
      <object_component id="oc-f">
         <name>.intvecs</name>
         <load_address>0x0</load_address>
         <run_address>0x0</run_address>
         <size>0x26c</size>
         <input_file_ref idref="fl-7"/>
      </object_component>
      <object_component id="oc-9d">
         <name>.text</name>
         <load_address>0x26c</load_address>
         <run_address>0x26c</run_address>
         <size>0x62c</size>
         <input_file_ref idref="fl-5"/>
      </object_component>
      <object_component id="oc-f1">
         <name>.text</name>
         <load_address>0x898</load_address>
         <run_address>0x898</run_address>
         <size>0x520</size>
         <input_file_ref idref="fl-2"/>
      </object_component>
      <object_component id="oc-dc">
         <name>.text</name>
         <load_address>0xdb8</load_address>
         <run_address>0xdb8</run_address>
         <size>0x4a4</size>
         <input_file_ref idref="fl-8"/>
      </object_component>
      <object_component id="oc-10e">
         <name>.text</name>
         <load_address>0x125c</load_address>
         <run_address>0x125c</run_address>
         <size>0x498</size>
         <input_file_ref idref="fl-140"/>
      </object_component>
      <object_component id="oc-d6">
         <name>.text</name>
         <load_address>0x16f4</load_address>
         <run_address>0x16f4</run_address>
         <size>0x360</size>
         <input_file_ref idref="fl-3"/>
      </object_component>
      <object_component id="oc-230">
         <name>.text</name>
         <load_address>0x1a54</load_address>
         <run_address>0x1a54</run_address>
         <size>0x2ec</size>
         <input_file_ref idref="fl-15b"/>
      </object_component>
      <object_component id="oc-1c8">
         <name>.text</name>
         <load_address>0x1d40</load_address>
         <run_address>0x1d40</run_address>
         <size>0x1fc</size>
         <input_file_ref idref="fl-149"/>
      </object_component>
      <object_component id="oc-d0">
         <name>.text</name>
         <load_address>0x1f3c</load_address>
         <run_address>0x1f3c</run_address>
         <size>0x1d8</size>
         <input_file_ref idref="fl-6"/>
      </object_component>
      <object_component id="oc-119">
         <name>.text</name>
         <load_address>0x2114</load_address>
         <run_address>0x2114</run_address>
         <size>0x1b6</size>
         <input_file_ref idref="fl-139"/>
      </object_component>
      <object_component id="oc-1c3">
         <name>.text</name>
         <load_address>0x22ca</load_address>
         <run_address>0x22ca</run_address>
         <size>0x136</size>
         <input_file_ref idref="fl-152"/>
      </object_component>
      <object_component id="oc-238">
         <name>.text</name>
         <load_address>0x2400</load_address>
         <run_address>0x2400</run_address>
         <size>0x110</size>
         <input_file_ref idref="fl-15a"/>
      </object_component>
      <object_component id="oc-114">
         <name>.text</name>
         <load_address>0x2510</load_address>
         <run_address>0x2510</run_address>
         <size>0xfc</size>
         <input_file_ref idref="fl-13a"/>
      </object_component>
      <object_component id="oc-1ac">
         <name>.text</name>
         <load_address>0x260c</load_address>
         <run_address>0x260c</run_address>
         <size>0xc0</size>
         <input_file_ref idref="fl-147"/>
      </object_component>
      <object_component id="oc-219">
         <name>.text</name>
         <load_address>0x26cc</load_address>
         <run_address>0x26cc</run_address>
         <size>0xbe</size>
         <input_file_ref idref="fl-159"/>
      </object_component>
      <object_component id="oc-33">
         <name>.text</name>
         <load_address>0x278a</load_address>
         <run_address>0x278a</run_address>
         <size>0x9c</size>
         <input_file_ref idref="fl-13e"/>
      </object_component>
      <object_component id="oc-1b2">
         <name>.text:__aeabi_cdcmple</name>
         <load_address>0x2826</load_address>
         <run_address>0x2826</run_address>
         <size>0x86</size>
         <input_file_ref idref="fl-151"/>
      </object_component>
      <object_component id="oc-4c">
         <name>.text</name>
         <load_address>0x28ac</load_address>
         <run_address>0x28ac</run_address>
         <size>0x7a</size>
         <input_file_ref idref="fl-13f"/>
      </object_component>
      <object_component id="oc-5e">
         <name>.text</name>
         <load_address>0x2928</load_address>
         <run_address>0x2928</run_address>
         <size>0x6c</size>
         <input_file_ref idref="fl-14e"/>
      </object_component>
      <object_component id="oc-3f">
         <name>.text</name>
         <load_address>0x2994</load_address>
         <run_address>0x2994</run_address>
         <size>0x6a</size>
         <input_file_ref idref="fl-136"/>
      </object_component>
      <object_component id="oc-166">
         <name>.text:IntEnable</name>
         <load_address>0x2a00</load_address>
         <run_address>0x2a00</run_address>
         <size>0x68</size>
         <input_file_ref idref="fl-f"/>
      </object_component>
      <object_component id="oc-1a6">
         <name>.text</name>
         <load_address>0x2a68</load_address>
         <run_address>0x2a68</run_address>
         <size>0x66</size>
         <input_file_ref idref="fl-148"/>
      </object_component>
      <object_component id="oc-24">
         <name>.text</name>
         <load_address>0x2ad0</load_address>
         <run_address>0x2ad0</run_address>
         <size>0x50</size>
         <input_file_ref idref="fl-134"/>
      </object_component>
      <object_component id="oc-16f">
         <name>.text:_TimerIntNumberGet</name>
         <load_address>0x2b20</load_address>
         <run_address>0x2b20</run_address>
         <size>0x4c</size>
         <input_file_ref idref="fl-10"/>
      </object_component>
      <object_component id="oc-95">
         <name>.text</name>
         <load_address>0x2b6c</load_address>
         <run_address>0x2b6c</run_address>
         <size>0x4c</size>
         <input_file_ref idref="fl-14f"/>
      </object_component>
      <object_component id="oc-11e">
         <name>.text</name>
         <load_address>0x2bb8</load_address>
         <run_address>0x2bb8</run_address>
         <size>0x48</size>
         <input_file_ref idref="fl-13b"/>
      </object_component>
      <object_component id="oc-6a">
         <name>.text</name>
         <load_address>0x2c00</load_address>
         <run_address>0x2c00</run_address>
         <size>0x44</size>
         <input_file_ref idref="fl-138"/>
      </object_component>
      <object_component id="oc-17d">
         <name>.text</name>
         <load_address>0x2c44</load_address>
         <run_address>0x2c44</run_address>
         <size>0x44</size>
         <input_file_ref idref="fl-13c"/>
      </object_component>
      <object_component id="oc-15a">
         <name>.text:_GPIOIntNumberGet</name>
         <load_address>0x2c88</load_address>
         <run_address>0x2c88</run_address>
         <size>0x40</size>
         <input_file_ref idref="fl-e"/>
      </object_component>
      <object_component id="oc-20b">
         <name>.text:_UARTIntNumberGet</name>
         <load_address>0x2cc8</load_address>
         <run_address>0x2cc8</run_address>
         <size>0x40</size>
         <input_file_ref idref="fl-11"/>
      </object_component>
      <object_component id="oc-29f">
         <name>.text</name>
         <load_address>0x2d08</load_address>
         <run_address>0x2d08</run_address>
         <size>0x40</size>
         <input_file_ref idref="fl-156"/>
      </object_component>
      <object_component id="oc-126">
         <name>.text</name>
         <load_address>0x2d48</load_address>
         <run_address>0x2d48</run_address>
         <size>0x40</size>
         <input_file_ref idref="fl-145"/>
      </object_component>
      <object_component id="oc-282">
         <name>.text</name>
         <load_address>0x2d88</load_address>
         <run_address>0x2d88</run_address>
         <size>0x38</size>
         <input_file_ref idref="fl-15c"/>
      </object_component>
      <object_component id="oc-160">
         <name>.text:IntRegister</name>
         <load_address>0x2dc0</load_address>
         <run_address>0x2dc0</run_address>
         <size>0x34</size>
         <input_file_ref idref="fl-f"/>
      </object_component>
      <object_component id="oc-226">
         <name>.text</name>
         <load_address>0x2df4</load_address>
         <run_address>0x2df4</run_address>
         <size>0x34</size>
         <input_file_ref idref="fl-153"/>
      </object_component>
      <object_component id="oc-1b7">
         <name>.text</name>
         <load_address>0x2e28</load_address>
         <run_address>0x2e28</run_address>
         <size>0x30</size>
         <input_file_ref idref="fl-14a"/>
      </object_component>
      <object_component id="oc-109">
         <name>.text</name>
         <load_address>0x2e58</load_address>
         <run_address>0x2e58</run_address>
         <size>0x2e</size>
         <input_file_ref idref="fl-13d"/>
      </object_component>
      <object_component id="oc-276">
         <name>.text</name>
         <load_address>0x2e86</load_address>
         <run_address>0x2e86</run_address>
         <size>0x2e</size>
         <input_file_ref idref="fl-155"/>
      </object_component>
      <object_component id="oc-1d8">
         <name>.text</name>
         <load_address>0x2eb4</load_address>
         <run_address>0x2eb4</run_address>
         <size>0x2a</size>
         <input_file_ref idref="fl-158"/>
      </object_component>
      <object_component id="oc-1de">
         <name>.text</name>
         <load_address>0x2ede</load_address>
         <run_address>0x2ede</run_address>
         <size>0x24</size>
         <input_file_ref idref="fl-157"/>
      </object_component>
      <object_component id="oc-178">
         <name>.text</name>
         <load_address>0x2f02</load_address>
         <run_address>0x2f02</run_address>
         <size>0x20</size>
         <input_file_ref idref="fl-146"/>
      </object_component>
      <object_component id="oc-1bd">
         <name>.text</name>
         <load_address>0x2f22</load_address>
         <run_address>0x2f22</run_address>
         <size>0x1a</size>
         <input_file_ref idref="fl-154"/>
      </object_component>
      <object_component id="oc-be">
         <name>.text:GPIOIntRegister</name>
         <load_address>0x2f3c</load_address>
         <run_address>0x2f3c</run_address>
         <size>0x18</size>
         <input_file_ref idref="fl-e"/>
      </object_component>
      <object_component id="oc-ca">
         <name>.text:TimerIntRegister</name>
         <load_address>0x2f54</load_address>
         <run_address>0x2f54</run_address>
         <size>0x18</size>
         <input_file_ref idref="fl-10"/>
      </object_component>
      <object_component id="oc-183">
         <name>.text:UARTIntRegister</name>
         <load_address>0x2f6c</load_address>
         <run_address>0x2f6c</run_address>
         <size>0x18</size>
         <input_file_ref idref="fl-11"/>
      </object_component>
      <object_component id="oc-64">
         <name>.text</name>
         <load_address>0x2f84</load_address>
         <run_address>0x2f84</run_address>
         <size>0x18</size>
         <input_file_ref idref="fl-14d"/>
      </object_component>
      <object_component id="oc-145">
         <name>.text</name>
         <load_address>0x2f9c</load_address>
         <run_address>0x2f9c</run_address>
         <size>0x14</size>
         <input_file_ref idref="fl-14c"/>
      </object_component>
      <object_component id="oc-12c">
         <name>.text</name>
         <load_address>0x2fb0</load_address>
         <run_address>0x2fb0</run_address>
         <size>0x14</size>
         <input_file_ref idref="fl-143"/>
      </object_component>
      <object_component id="oc-103">
         <name>.text</name>
         <load_address>0x2fc4</load_address>
         <run_address>0x2fc4</run_address>
         <size>0x14</size>
         <input_file_ref idref="fl-144"/>
      </object_component>
      <object_component id="oc-12">
         <name>.text:decompress:none</name>
         <load_address>0x2fd8</load_address>
         <run_address>0x2fd8</run_address>
         <size>0xe</size>
         <input_file_ref idref="fl-135"/>
      </object_component>
      <object_component id="oc-c4">
         <name>.text:GPIOIntEnable</name>
         <load_address>0x2fe6</load_address>
         <run_address>0x2fe6</run_address>
         <size>0xc</size>
         <input_file_ref idref="fl-e"/>
      </object_component>
      <object_component id="oc-1e">
         <name>.text:decompress:ZI</name>
         <load_address>0x2ff2</load_address>
         <run_address>0x2ff2</run_address>
         <size>0xc</size>
         <input_file_ref idref="fl-137"/>
      </object_component>
      <object_component id="oc-2a">
         <name>.text</name>
         <load_address>0x2ffe</load_address>
         <run_address>0x2ffe</run_address>
         <size>0xc</size>
         <input_file_ref idref="fl-7"/>
      </object_component>
      <object_component id="oc-e8">
         <name>.text:GPIOIntClear</name>
         <load_address>0x300a</load_address>
         <run_address>0x300a</run_address>
         <size>0x6</size>
         <input_file_ref idref="fl-e"/>
      </object_component>
      <object_component id="oc-e2">
         <name>.text:GPIOPinRead</name>
         <load_address>0x3010</load_address>
         <run_address>0x3010</run_address>
         <size>0x6</size>
         <input_file_ref idref="fl-e"/>
      </object_component>
      <object_component id="oc-18">
         <name>.text:decompress:rle24</name>
         <load_address>0x3016</load_address>
         <run_address>0x3016</run_address>
         <size>0x6</size>
         <input_file_ref idref="fl-136"/>
      </object_component>
      <object_component id="oc-58">
         <name>.text</name>
         <load_address>0x301c</load_address>
         <run_address>0x301c</run_address>
         <size>0x4</size>
         <input_file_ref idref="fl-141"/>
      </object_component>
      <object_component id="oc-1ee">
         <name>.const:g_ppui32GPIOIntMapBlizzard</name>
         <load_address>0x3020</load_address>
         <run_address>0x3020</run_address>
         <size>0xc0</size>
         <input_file_ref idref="fl-e"/>
      </object_component>
      <object_component id="oc-1f1">
         <name>.const:g_ppui32GPIOIntMapSnowflake</name>
         <load_address>0x30e0</load_address>
         <run_address>0x30e0</run_address>
         <size>0xc0</size>
         <input_file_ref idref="fl-e"/>
      </object_component>
      <object_component id="oc-1fa">
         <name>.const</name>
         <load_address>0x31a0</load_address>
         <run_address>0x31a0</run_address>
         <size>0x70</size>
         <input_file_ref idref="fl-f"/>
      </object_component>
      <object_component id="oc-200">
         <name>.const:g_ppui32TimerIntMap</name>
         <load_address>0x3210</load_address>
         <run_address>0x3210</run_address>
         <size>0x60</size>
         <input_file_ref idref="fl-10"/>
      </object_component>
      <object_component id="oc-23e">
         <name>.const</name>
         <load_address>0x3270</load_address>
         <run_address>0x3270</run_address>
         <size>0x48</size>
         <input_file_ref idref="fl-149"/>
      </object_component>
      <object_component id="oc-203">
         <name>.const:g_ppui32TimerIntMapSnowflake</name>
         <load_address>0x32b8</load_address>
         <run_address>0x32b8</run_address>
         <size>0x40</size>
         <input_file_ref idref="fl-10"/>
      </object_component>
      <object_component id="oc-265">
         <name>.const:g_ppui32UARTIntMap</name>
         <load_address>0x32f8</load_address>
         <run_address>0x32f8</run_address>
         <size>0x40</size>
         <input_file_ref idref="fl-11"/>
      </object_component>
      <object_component id="oc-268">
         <name>.const:g_ppui32UARTIntMapSnowflake</name>
         <load_address>0x3338</load_address>
         <run_address>0x3338</run_address>
         <size>0x40</size>
         <input_file_ref idref="fl-11"/>
      </object_component>
      <object_component id="oc-28a">
         <name>.const:p</name>
         <load_address>0x3378</load_address>
         <run_address>0x3378</run_address>
         <size>0x38</size>
         <input_file_ref idref="fl-15b"/>
      </object_component>
      <object_component id="oc-221">
         <name>.const</name>
         <load_address>0x33b0</load_address>
         <run_address>0x33b0</run_address>
         <size>0x30</size>
         <input_file_ref idref="fl-147"/>
      </object_component>
      <object_component id="oc-2ef">
         <name>.cinit..data.load</name>
         <load_address>0x33e0</load_address>
         <run_address>0x33e0</run_address>
         <size>0x66</size>
      </object_component>
      <object_component id="oc-2ec">
         <name>__TI_handler_table</name>
         <load_address>0x3448</load_address>
         <run_address>0x3448</run_address>
         <size>0xc</size>
      </object_component>
      <object_component id="oc-2f0">
         <name>.cinit..bss.load</name>
         <load_address>0x3458</load_address>
         <run_address>0x3458</run_address>
         <size>0x8</size>
      </object_component>
      <object_component id="oc-2ee">
         <name>.cinit..vtable.load</name>
         <load_address>0x3460</load_address>
         <run_address>0x3460</run_address>
         <size>0x8</size>
      </object_component>
      <object_component id="oc-2ed">
         <name>__TI_cinit_table</name>
         <load_address>0x3468</load_address>
         <run_address>0x3468</run_address>
         <size>0x18</size>
      </object_component>
      <object_component id="oc-1f5">
         <name>.vtable</name>
         <uninitialized>true</uninitialized>
         <run_address>0x20000000</run_address>
         <size>0x26c</size>
         <input_file_ref idref="fl-f"/>
      </object_component>
      <object_component id="oc-29">
         <name>.stack</name>
         <uninitialized>true</uninitialized>
         <run_address>0x2000026c</run_address>
         <size>0x0</size>
         <input_file_ref idref="fl-134"/>
      </object_component>
      <object_component id="oc-2f1">
         <name>.stack</name>
         <uninitialized>true</uninitialized>
         <run_address>0x2000026c</run_address>
         <size>0x0</size>
      </object_component>
      <object_component id="oc-ee">
         <name>.bss:PIDVelocity_motor_0</name>
         <uninitialized>true</uninitialized>
         <run_address>0x200006c8</run_address>
         <size>0x38</size>
         <input_file_ref idref="fl-2"/>
      </object_component>
      <object_component id="oc-fa">
         <name>.bss:PIDPosition_motor_0</name>
         <uninitialized>true</uninitialized>
         <run_address>0x20000658</run_address>
         <size>0x38</size>
         <input_file_ref idref="fl-2"/>
      </object_component>
      <object_component id="oc-f7">
         <name>.bss:PIDVelocity_motor_1</name>
         <uninitialized>true</uninitialized>
         <run_address>0x20000700</run_address>
         <size>0x38</size>
         <input_file_ref idref="fl-2"/>
      </object_component>
      <object_component id="oc-fd">
         <name>.bss:PIDPosition_motor_1</name>
         <uninitialized>true</uninitialized>
         <run_address>0x20000690</run_address>
         <size>0x38</size>
         <input_file_ref idref="fl-2"/>
      </object_component>
      <object_component id="oc-100">
         <name>.common:UARTType</name>
         <uninitialized>true</uninitialized>
         <run_address>0x20000774</run_address>
         <size>0x10</size>
      </object_component>
      <object_component id="oc-132">
         <name>.common:str</name>
         <uninitialized>true</uninitialized>
         <run_address>0x20000760</run_address>
         <size>0x14</size>
      </object_component>
      <object_component id="oc-134">
         <name>.common:piece1</name>
         <uninitialized>true</uninitialized>
         <run_address>0x20000738</run_address>
         <size>0x14</size>
      </object_component>
      <object_component id="oc-135">
         <name>.common:piece2</name>
         <uninitialized>true</uninitialized>
         <run_address>0x2000074c</run_address>
         <size>0x14</size>
      </object_component>
      <object_component id="oc-133">
         <name>.common:p</name>
         <uninitialized>true</uninitialized>
         <run_address>0x2000078c</run_address>
         <size>0x4</size>
      </object_component>
      <object_component id="oc-136">
         <name>.common:a</name>
         <uninitialized>true</uninitialized>
         <run_address>0x20000784</run_address>
         <size>0x4</size>
      </object_component>
      <object_component id="oc-137">
         <name>.common:b</name>
         <uninitialized>true</uninitialized>
         <run_address>0x20000788</run_address>
         <size>0x4</size>
      </object_component>
      <object_component id="oc-123">
         <name>.data</name>
         <load_address>0x20000608</load_address>
         <run_address>0x20000608</run_address>
         <size>0x2b</size>
         <input_file_ref idref="fl-5"/>
      </object_component>
      <object_component id="oc-189">
         <name>.data</name>
         <load_address>0x20000633</load_address>
         <run_address>0x20000633</run_address>
         <size>0x1</size>
         <input_file_ref idref="fl-8"/>
      </object_component>
      <object_component id="oc-a8">
         <name>.data</name>
         <load_address>0x2000063c</load_address>
         <run_address>0x2000063c</run_address>
         <size>0x8</size>
         <input_file_ref idref="fl-138"/>
      </object_component>
      <object_component id="oc-70">
         <name>.data</name>
         <load_address>0x20000650</load_address>
         <run_address>0x20000650</run_address>
         <size>0x4</size>
         <input_file_ref idref="fl-142"/>
      </object_component>
      <object_component id="oc-1e4">
         <name>.data</name>
         <load_address>0x20000654</load_address>
         <run_address>0x20000654</run_address>
         <size>0x4</size>
         <input_file_ref idref="fl-145"/>
      </object_component>
      <object_component id="oc-1ce">
         <name>.data</name>
         <load_address>0x20000520</load_address>
         <run_address>0x20000520</run_address>
         <size>0x80</size>
         <input_file_ref idref="fl-14b"/>
      </object_component>
      <object_component id="oc-a5">
         <name>.data</name>
         <load_address>0x20000634</load_address>
         <run_address>0x20000634</run_address>
         <size>0x8</size>
         <input_file_ref idref="fl-14c"/>
      </object_component>
      <object_component id="oc-22c">
         <name>.data</name>
         <load_address>0x2000064c</load_address>
         <run_address>0x2000064c</run_address>
         <size>0x4</size>
         <input_file_ref idref="fl-150"/>
      </object_component>
      <object_component id="oc-27c">
         <name>.data</name>
         <load_address>0x20000644</load_address>
         <run_address>0x20000644</run_address>
         <size>0x8</size>
         <input_file_ref idref="fl-153"/>
      </object_component>
      <object_component id="oc-2b9">
         <name>.data:sigtable</name>
         <load_address>0x20000470</load_address>
         <run_address>0x20000470</run_address>
         <size>0xb0</size>
         <input_file_ref idref="fl-156"/>
      </object_component>
      <object_component id="oc-287">
         <name>.data</name>
         <load_address>0x200005a0</load_address>
         <run_address>0x200005a0</run_address>
         <size>0x68</size>
         <input_file_ref idref="fl-15d"/>
      </object_component>
      <object_component id="oc-215">
         <name>.debug_info</name>
         <load_address>0x0</load_address>
         <run_address>0x0</run_address>
         <size>0x165</size>
         <input_file_ref idref="fl-2"/>
      </object_component>
      <object_component id="oc-ef">
         <name>.debug_info</name>
         <load_address>0x165</load_address>
         <run_address>0x165</run_address>
         <size>0xf4</size>
         <input_file_ref idref="fl-2"/>
      </object_component>
      <object_component id="oc-fb">
         <name>.debug_info</name>
         <load_address>0x259</load_address>
         <run_address>0x259</run_address>
         <size>0xf4</size>
         <input_file_ref idref="fl-2"/>
      </object_component>
      <object_component id="oc-f8">
         <name>.debug_info</name>
         <load_address>0x34d</load_address>
         <run_address>0x34d</run_address>
         <size>0xf4</size>
         <input_file_ref idref="fl-2"/>
      </object_component>
      <object_component id="oc-fe">
         <name>.debug_info</name>
         <load_address>0x441</load_address>
         <run_address>0x441</run_address>
         <size>0xf4</size>
         <input_file_ref idref="fl-2"/>
      </object_component>
      <object_component id="oc-f2">
         <name>.debug_info</name>
         <load_address>0x535</load_address>
         <run_address>0x535</run_address>
         <size>0x5fd</size>
         <input_file_ref idref="fl-2"/>
      </object_component>
      <object_component id="oc-190">
         <name>.debug_info</name>
         <load_address>0xb32</load_address>
         <run_address>0xb32</run_address>
         <size>0x14e</size>
         <input_file_ref idref="fl-2"/>
      </object_component>
      <object_component id="oc-19e">
         <name>.debug_info</name>
         <load_address>0xc80</load_address>
         <run_address>0xc80</run_address>
         <size>0xae</size>
         <input_file_ref idref="fl-2"/>
      </object_component>
      <object_component id="oc-77">
         <name>.debug_info</name>
         <load_address>0xd2e</load_address>
         <run_address>0xd2e</run_address>
         <size>0x84</size>
         <input_file_ref idref="fl-2"/>
      </object_component>
      <object_component id="oc-7c">
         <name>.debug_info</name>
         <load_address>0xdb2</load_address>
         <run_address>0xdb2</run_address>
         <size>0x18b</size>
         <input_file_ref idref="fl-2"/>
      </object_component>
      <object_component id="oc-8c">
         <name>.debug_info</name>
         <load_address>0xf3d</load_address>
         <run_address>0xf3d</run_address>
         <size>0x2c</size>
         <input_file_ref idref="fl-2"/>
      </object_component>
      <object_component id="oc-d9">
         <name>.debug_info</name>
         <load_address>0xf69</load_address>
         <run_address>0xf69</run_address>
         <size>0x4a6</size>
         <input_file_ref idref="fl-3"/>
      </object_component>
      <object_component id="oc-139">
         <name>.debug_info</name>
         <load_address>0x140f</load_address>
         <run_address>0x140f</run_address>
         <size>0x8b</size>
         <input_file_ref idref="fl-3"/>
      </object_component>
      <object_component id="oc-101">
         <name>.debug_info</name>
         <load_address>0x149a</load_address>
         <run_address>0x149a</run_address>
         <size>0x5c4</size>
         <input_file_ref idref="fl-5"/>
      </object_component>
      <object_component id="oc-124">
         <name>.debug_info</name>
         <load_address>0x1a5e</load_address>
         <run_address>0x1a5e</run_address>
         <size>0x29a</size>
         <input_file_ref idref="fl-5"/>
      </object_component>
      <object_component id="oc-9e">
         <name>.debug_info</name>
         <load_address>0x1cf8</load_address>
         <run_address>0x1cf8</run_address>
         <size>0x77b</size>
         <input_file_ref idref="fl-5"/>
      </object_component>
      <object_component id="oc-d1">
         <name>.debug_info</name>
         <load_address>0x2473</load_address>
         <run_address>0x2473</run_address>
         <size>0x372</size>
         <input_file_ref idref="fl-6"/>
      </object_component>
      <object_component id="oc-32">
         <name>.debug_info</name>
         <load_address>0x27e5</load_address>
         <run_address>0x27e5</run_address>
         <size>0x116</size>
         <input_file_ref idref="fl-7"/>
      </object_component>
      <object_component id="oc-10">
         <name>.debug_info</name>
         <load_address>0x28fb</load_address>
         <run_address>0x28fb</run_address>
         <size>0xfb</size>
         <input_file_ref idref="fl-7"/>
      </object_component>
      <object_component id="oc-2b">
         <name>.debug_info</name>
         <load_address>0x29f6</load_address>
         <run_address>0x29f6</run_address>
         <size>0x277</size>
         <input_file_ref idref="fl-7"/>
      </object_component>
      <object_component id="oc-18b">
         <name>.debug_info</name>
         <load_address>0x2c6d</load_address>
         <run_address>0x2c6d</run_address>
         <size>0x15b</size>
         <input_file_ref idref="fl-8"/>
      </object_component>
      <object_component id="oc-dd">
         <name>.debug_info</name>
         <load_address>0x2dc8</load_address>
         <run_address>0x2dc8</run_address>
         <size>0x479</size>
         <input_file_ref idref="fl-8"/>
      </object_component>
      <object_component id="oc-16d">
         <name>.debug_info</name>
         <load_address>0x3241</load_address>
         <run_address>0x3241</run_address>
         <size>0x230</size>
         <input_file_ref idref="fl-e"/>
      </object_component>
      <object_component id="oc-1ef">
         <name>.debug_info</name>
         <load_address>0x3471</load_address>
         <run_address>0x3471</run_address>
         <size>0x167</size>
         <input_file_ref idref="fl-e"/>
      </object_component>
      <object_component id="oc-1f2">
         <name>.debug_info</name>
         <load_address>0x35d8</load_address>
         <run_address>0x35d8</run_address>
         <size>0x169</size>
         <input_file_ref idref="fl-e"/>
      </object_component>
      <object_component id="oc-e5">
         <name>.debug_info</name>
         <load_address>0x3741</load_address>
         <run_address>0x3741</run_address>
         <size>0x27b</size>
         <input_file_ref idref="fl-e"/>
      </object_component>
      <object_component id="oc-15d">
         <name>.debug_info</name>
         <load_address>0x39bc</load_address>
         <run_address>0x39bc</run_address>
         <size>0x27e</size>
         <input_file_ref idref="fl-e"/>
      </object_component>
      <object_component id="oc-c1">
         <name>.debug_info</name>
         <load_address>0x3c3a</load_address>
         <run_address>0x3c3a</run_address>
         <size>0x2cf</size>
         <input_file_ref idref="fl-e"/>
      </object_component>
      <object_component id="oc-c7">
         <name>.debug_info</name>
         <load_address>0x3f09</load_address>
         <run_address>0x3f09</run_address>
         <size>0x28f</size>
         <input_file_ref idref="fl-e"/>
      </object_component>
      <object_component id="oc-eb">
         <name>.debug_info</name>
         <load_address>0x4198</load_address>
         <run_address>0x4198</run_address>
         <size>0x28d</size>
         <input_file_ref idref="fl-e"/>
      </object_component>
      <object_component id="oc-1f9">
         <name>.debug_info</name>
         <load_address>0x4425</load_address>
         <run_address>0x4425</run_address>
         <size>0x20e</size>
         <input_file_ref idref="fl-f"/>
      </object_component>
      <object_component id="oc-1fb">
         <name>.debug_info</name>
         <load_address>0x4633</load_address>
         <run_address>0x4633</run_address>
         <size>0x210</size>
         <input_file_ref idref="fl-f"/>
      </object_component>
      <object_component id="oc-1f6">
         <name>.debug_info</name>
         <load_address>0x4843</load_address>
         <run_address>0x4843</run_address>
         <size>0x157</size>
         <input_file_ref idref="fl-f"/>
      </object_component>
      <object_component id="oc-161">
         <name>.debug_info</name>
         <load_address>0x499a</load_address>
         <run_address>0x499a</run_address>
         <size>0x2c1</size>
         <input_file_ref idref="fl-f"/>
      </object_component>
      <object_component id="oc-168">
         <name>.debug_info</name>
         <load_address>0x4c5b</load_address>
         <run_address>0x4c5b</run_address>
         <size>0x268</size>
         <input_file_ref idref="fl-f"/>
      </object_component>
      <object_component id="oc-176">
         <name>.debug_info</name>
         <load_address>0x4ec3</load_address>
         <run_address>0x4ec3</run_address>
         <size>0x223</size>
         <input_file_ref idref="fl-10"/>
      </object_component>
      <object_component id="oc-201">
         <name>.debug_info</name>
         <load_address>0x50e6</load_address>
         <run_address>0x50e6</run_address>
         <size>0x15a</size>
         <input_file_ref idref="fl-10"/>
      </object_component>
      <object_component id="oc-204">
         <name>.debug_info</name>
         <load_address>0x5240</load_address>
         <run_address>0x5240</run_address>
         <size>0x16c</size>
         <input_file_ref idref="fl-10"/>
      </object_component>
      <object_component id="oc-170">
         <name>.debug_info</name>
         <load_address>0x53ac</load_address>
         <run_address>0x53ac</run_address>
         <size>0x2eb</size>
         <input_file_ref idref="fl-10"/>
      </object_component>
      <object_component id="oc-cb">
         <name>.debug_info</name>
         <load_address>0x5697</load_address>
         <run_address>0x5697</run_address>
         <size>0x2e4</size>
         <input_file_ref idref="fl-10"/>
      </object_component>
      <object_component id="oc-212">
         <name>.debug_info</name>
         <load_address>0x597b</load_address>
         <run_address>0x597b</run_address>
         <size>0x227</size>
         <input_file_ref idref="fl-11"/>
      </object_component>
      <object_component id="oc-266">
         <name>.debug_info</name>
         <load_address>0x5ba2</load_address>
         <run_address>0x5ba2</run_address>
         <size>0x157</size>
         <input_file_ref idref="fl-11"/>
      </object_component>
      <object_component id="oc-269">
         <name>.debug_info</name>
         <load_address>0x5cf9</load_address>
         <run_address>0x5cf9</run_address>
         <size>0x169</size>
         <input_file_ref idref="fl-11"/>
      </object_component>
      <object_component id="oc-20d">
         <name>.debug_info</name>
         <load_address>0x5e62</load_address>
         <run_address>0x5e62</run_address>
         <size>0x27e</size>
         <input_file_ref idref="fl-11"/>
      </object_component>
      <object_component id="oc-185">
         <name>.debug_info</name>
         <load_address>0x60e0</load_address>
         <run_address>0x60e0</run_address>
         <size>0x2c3</size>
         <input_file_ref idref="fl-11"/>
      </object_component>
      <object_component id="oc-27">
         <name>.debug_info</name>
         <load_address>0x63a3</load_address>
         <run_address>0x63a3</run_address>
         <size>0x134</size>
         <input_file_ref idref="fl-134"/>
      </object_component>
      <object_component id="oc-3e">
         <name>.debug_info</name>
         <load_address>0x64d7</load_address>
         <run_address>0x64d7</run_address>
         <size>0x121</size>
         <input_file_ref idref="fl-135"/>
      </object_component>
      <object_component id="oc-15">
         <name>.debug_info</name>
         <load_address>0x65f8</load_address>
         <run_address>0x65f8</run_address>
         <size>0x1c0</size>
         <input_file_ref idref="fl-135"/>
      </object_component>
      <object_component id="oc-39">
         <name>.debug_info</name>
         <load_address>0x67b8</load_address>
         <run_address>0x67b8</run_address>
         <size>0x46</size>
         <input_file_ref idref="fl-135"/>
      </object_component>
      <object_component id="oc-82">
         <name>.debug_info</name>
         <load_address>0x67fe</load_address>
         <run_address>0x67fe</run_address>
         <size>0x2c</size>
         <input_file_ref idref="fl-135"/>
      </object_component>
      <object_component id="oc-46">
         <name>.debug_info</name>
         <load_address>0x682a</load_address>
         <run_address>0x682a</run_address>
         <size>0x115</size>
         <input_file_ref idref="fl-136"/>
      </object_component>
      <object_component id="oc-40">
         <name>.debug_info</name>
         <load_address>0x693f</load_address>
         <run_address>0x693f</run_address>
         <size>0x228</size>
         <input_file_ref idref="fl-136"/>
      </object_component>
      <object_component id="oc-1a">
         <name>.debug_info</name>
         <load_address>0x6b67</load_address>
         <run_address>0x6b67</run_address>
         <size>0x192</size>
         <input_file_ref idref="fl-136"/>
      </object_component>
      <object_component id="oc-47">
         <name>.debug_info</name>
         <load_address>0x6cf9</load_address>
         <run_address>0x6cf9</run_address>
         <size>0x39</size>
         <input_file_ref idref="fl-136"/>
      </object_component>
      <object_component id="oc-57">
         <name>.debug_info</name>
         <load_address>0x6d32</load_address>
         <run_address>0x6d32</run_address>
         <size>0x110</size>
         <input_file_ref idref="fl-137"/>
      </object_component>
      <object_component id="oc-1f">
         <name>.debug_info</name>
         <load_address>0x6e42</load_address>
         <run_address>0x6e42</run_address>
         <size>0x18b</size>
         <input_file_ref idref="fl-137"/>
      </object_component>
      <object_component id="oc-52">
         <name>.debug_info</name>
         <load_address>0x6fcd</load_address>
         <run_address>0x6fcd</run_address>
         <size>0x46</size>
         <input_file_ref idref="fl-137"/>
      </object_component>
      <object_component id="oc-ac">
         <name>.debug_info</name>
         <load_address>0x7013</load_address>
         <run_address>0x7013</run_address>
         <size>0x172</size>
         <input_file_ref idref="fl-138"/>
      </object_component>
      <object_component id="oc-a9">
         <name>.debug_info</name>
         <load_address>0x7185</load_address>
         <run_address>0x7185</run_address>
         <size>0x117</size>
         <input_file_ref idref="fl-138"/>
      </object_component>
      <object_component id="oc-6b">
         <name>.debug_info</name>
         <load_address>0x729c</load_address>
         <run_address>0x729c</run_address>
         <size>0x1ee</size>
         <input_file_ref idref="fl-138"/>
      </object_component>
      <object_component id="oc-11c">
         <name>.debug_info</name>
         <load_address>0x748a</load_address>
         <run_address>0x748a</run_address>
         <size>0x129</size>
         <input_file_ref idref="fl-139"/>
      </object_component>
      <object_component id="oc-117">
         <name>.debug_info</name>
         <load_address>0x75b3</load_address>
         <run_address>0x75b3</run_address>
         <size>0x117</size>
         <input_file_ref idref="fl-13a"/>
      </object_component>
      <object_component id="oc-11f">
         <name>.debug_info</name>
         <load_address>0x76ca</load_address>
         <run_address>0x76ca</run_address>
         <size>0x10b</size>
         <input_file_ref idref="fl-13b"/>
      </object_component>
      <object_component id="oc-17f">
         <name>.debug_info</name>
         <load_address>0x77d5</load_address>
         <run_address>0x77d5</run_address>
         <size>0x116</size>
         <input_file_ref idref="fl-13c"/>
      </object_component>
      <object_component id="oc-10c">
         <name>.debug_info</name>
         <load_address>0x78eb</load_address>
         <run_address>0x78eb</run_address>
         <size>0x109</size>
         <input_file_ref idref="fl-13d"/>
      </object_component>
      <object_component id="oc-35">
         <name>.debug_info</name>
         <load_address>0x79f4</load_address>
         <run_address>0x79f4</run_address>
         <size>0xf6</size>
         <input_file_ref idref="fl-13e"/>
      </object_component>
      <object_component id="oc-4f">
         <name>.debug_info</name>
         <load_address>0x7aea</load_address>
         <run_address>0x7aea</run_address>
         <size>0x124</size>
         <input_file_ref idref="fl-13f"/>
      </object_component>
      <object_component id="oc-1d2">
         <name>.debug_info</name>
         <load_address>0x7c0e</load_address>
         <run_address>0x7c0e</run_address>
         <size>0x1d3</size>
         <input_file_ref idref="fl-140"/>
      </object_component>
      <object_component id="oc-110">
         <name>.debug_info</name>
         <load_address>0x7de1</load_address>
         <run_address>0x7de1</run_address>
         <size>0x563</size>
         <input_file_ref idref="fl-140"/>
      </object_component>
      <object_component id="oc-246">
         <name>.debug_info</name>
         <load_address>0x8344</load_address>
         <run_address>0x8344</run_address>
         <size>0x86</size>
         <input_file_ref idref="fl-140"/>
      </object_component>
      <object_component id="oc-59">
         <name>.debug_info</name>
         <load_address>0x83ca</load_address>
         <run_address>0x83ca</run_address>
         <size>0x129</size>
         <input_file_ref idref="fl-141"/>
      </object_component>
      <object_component id="oc-71">
         <name>.debug_info</name>
         <load_address>0x84f3</load_address>
         <run_address>0x84f3</run_address>
         <size>0xea</size>
         <input_file_ref idref="fl-142"/>
      </object_component>
      <object_component id="oc-1ea">
         <name>.debug_info</name>
         <load_address>0x85dd</load_address>
         <run_address>0x85dd</run_address>
         <size>0xd1</size>
         <input_file_ref idref="fl-143"/>
      </object_component>
      <object_component id="oc-12d">
         <name>.debug_info</name>
         <load_address>0x86ae</load_address>
         <run_address>0x86ae</run_address>
         <size>0x1fe</size>
         <input_file_ref idref="fl-143"/>
      </object_component>
      <object_component id="oc-1a4">
         <name>.debug_info</name>
         <load_address>0x88ac</load_address>
         <run_address>0x88ac</run_address>
         <size>0xcb</size>
         <input_file_ref idref="fl-144"/>
      </object_component>
      <object_component id="oc-104">
         <name>.debug_info</name>
         <load_address>0x8977</load_address>
         <run_address>0x8977</run_address>
         <size>0x1f7</size>
         <input_file_ref idref="fl-144"/>
      </object_component>
      <object_component id="oc-1e8">
         <name>.debug_info</name>
         <load_address>0x8b6e</load_address>
         <run_address>0x8b6e</run_address>
         <size>0x126</size>
         <input_file_ref idref="fl-145"/>
      </object_component>
      <object_component id="oc-1e5">
         <name>.debug_info</name>
         <load_address>0x8c94</load_address>
         <run_address>0x8c94</run_address>
         <size>0xdb</size>
         <input_file_ref idref="fl-145"/>
      </object_component>
      <object_component id="oc-127">
         <name>.debug_info</name>
         <load_address>0x8d6f</load_address>
         <run_address>0x8d6f</run_address>
         <size>0x181</size>
         <input_file_ref idref="fl-145"/>
      </object_component>
      <object_component id="oc-179">
         <name>.debug_info</name>
         <load_address>0x8ef0</load_address>
         <run_address>0x8ef0</run_address>
         <size>0x10b</size>
         <input_file_ref idref="fl-146"/>
      </object_component>
      <object_component id="oc-223">
         <name>.debug_info</name>
         <load_address>0x8ffb</load_address>
         <run_address>0x8ffb</run_address>
         <size>0x13b</size>
         <input_file_ref idref="fl-147"/>
      </object_component>
      <object_component id="oc-1ae">
         <name>.debug_info</name>
         <load_address>0x9136</load_address>
         <run_address>0x9136</run_address>
         <size>0x1a2</size>
         <input_file_ref idref="fl-147"/>
      </object_component>
      <object_component id="oc-220">
         <name>.debug_info</name>
         <load_address>0x92d8</load_address>
         <run_address>0x92d8</run_address>
         <size>0xfb</size>
         <input_file_ref idref="fl-148"/>
      </object_component>
      <object_component id="oc-1a8">
         <name>.debug_info</name>
         <load_address>0x93d3</load_address>
         <run_address>0x93d3</run_address>
         <size>0x173</size>
         <input_file_ref idref="fl-148"/>
      </object_component>
      <object_component id="oc-242">
         <name>.debug_info</name>
         <load_address>0x9546</load_address>
         <run_address>0x9546</run_address>
         <size>0x173</size>
         <input_file_ref idref="fl-149"/>
      </object_component>
      <object_component id="oc-23f">
         <name>.debug_info</name>
         <load_address>0x96b9</load_address>
         <run_address>0x96b9</run_address>
         <size>0x13d</size>
         <input_file_ref idref="fl-149"/>
      </object_component>
      <object_component id="oc-1c9">
         <name>.debug_info</name>
         <load_address>0x97f6</load_address>
         <run_address>0x97f6</run_address>
         <size>0x3c6</size>
         <input_file_ref idref="fl-149"/>
      </object_component>
      <object_component id="oc-1b8">
         <name>.debug_info</name>
         <load_address>0x9bbc</load_address>
         <run_address>0x9bbc</run_address>
         <size>0x153</size>
         <input_file_ref idref="fl-14a"/>
      </object_component>
      <object_component id="oc-1cf">
         <name>.debug_info</name>
         <load_address>0x9d0f</load_address>
         <run_address>0x9d0f</run_address>
         <size>0x1b5</size>
         <input_file_ref idref="fl-14b"/>
      </object_component>
      <object_component id="oc-14d">
         <name>.debug_info</name>
         <load_address>0x9ec4</load_address>
         <run_address>0x9ec4</run_address>
         <size>0x105</size>
         <input_file_ref idref="fl-14c"/>
      </object_component>
      <object_component id="oc-a6">
         <name>.debug_info</name>
         <load_address>0x9fc9</load_address>
         <run_address>0x9fc9</run_address>
         <size>0xf4</size>
         <input_file_ref idref="fl-14c"/>
      </object_component>
      <object_component id="oc-146">
         <name>.debug_info</name>
         <load_address>0xa0bd</load_address>
         <run_address>0xa0bd</run_address>
         <size>0x200</size>
         <input_file_ref idref="fl-14c"/>
      </object_component>
      <object_component id="oc-a4">
         <name>.debug_info</name>
         <load_address>0xa2bd</load_address>
         <run_address>0xa2bd</run_address>
         <size>0x147</size>
         <input_file_ref idref="fl-14d"/>
      </object_component>
      <object_component id="oc-67">
         <name>.debug_info</name>
         <load_address>0xa404</load_address>
         <run_address>0xa404</run_address>
         <size>0x148</size>
         <input_file_ref idref="fl-14d"/>
      </object_component>
      <object_component id="oc-140">
         <name>.debug_info</name>
         <load_address>0xa54c</load_address>
         <run_address>0xa54c</run_address>
         <size>0x5e</size>
         <input_file_ref idref="fl-14d"/>
      </object_component>
      <object_component id="oc-9c">
         <name>.debug_info</name>
         <load_address>0xa5aa</load_address>
         <run_address>0xa5aa</run_address>
         <size>0x29e</size>
         <input_file_ref idref="fl-14e"/>
      </object_component>
      <object_component id="oc-60">
         <name>.debug_info</name>
         <load_address>0xa848</load_address>
         <run_address>0xa848</run_address>
         <size>0x158</size>
         <input_file_ref idref="fl-14e"/>
      </object_component>
      <object_component id="oc-b4">
         <name>.debug_info</name>
         <load_address>0xa9a0</load_address>
         <run_address>0xa9a0</run_address>
         <size>0x39</size>
         <input_file_ref idref="fl-14e"/>
      </object_component>
      <object_component id="oc-b9">
         <name>.debug_info</name>
         <load_address>0xa9d9</load_address>
         <run_address>0xa9d9</run_address>
         <size>0xcd</size>
         <input_file_ref idref="fl-14e"/>
      </object_component>
      <object_component id="oc-b1">
         <name>.debug_info</name>
         <load_address>0xaaa6</load_address>
         <run_address>0xaaa6</run_address>
         <size>0x1c1</size>
         <input_file_ref idref="fl-14f"/>
      </object_component>
      <object_component id="oc-97">
         <name>.debug_info</name>
         <load_address>0xac67</load_address>
         <run_address>0xac67</run_address>
         <size>0x164</size>
         <input_file_ref idref="fl-14f"/>
      </object_component>
      <object_component id="oc-155">
         <name>.debug_info</name>
         <load_address>0xadcb</load_address>
         <run_address>0xadcb</run_address>
         <size>0x2c</size>
         <input_file_ref idref="fl-14f"/>
      </object_component>
      <object_component id="oc-22d">
         <name>.debug_info</name>
         <load_address>0xadf7</load_address>
         <run_address>0xadf7</run_address>
         <size>0xd6</size>
         <input_file_ref idref="fl-150"/>
      </object_component>
      <object_component id="oc-1b3">
         <name>.debug_info</name>
         <load_address>0xaecd</load_address>
         <run_address>0xaecd</run_address>
         <size>0x105</size>
         <input_file_ref idref="fl-151"/>
      </object_component>
      <object_component id="oc-1c5">
         <name>.debug_info</name>
         <load_address>0xafd2</load_address>
         <run_address>0xafd2</run_address>
         <size>0x117</size>
         <input_file_ref idref="fl-152"/>
      </object_component>
      <object_component id="oc-2ae">
         <name>.debug_info</name>
         <load_address>0xb0e9</load_address>
         <run_address>0xb0e9</run_address>
         <size>0x13e</size>
         <input_file_ref idref="fl-153"/>
      </object_component>
      <object_component id="oc-27d">
         <name>.debug_info</name>
         <load_address>0xb227</load_address>
         <run_address>0xb227</run_address>
         <size>0x10e</size>
         <input_file_ref idref="fl-153"/>
      </object_component>
      <object_component id="oc-227">
         <name>.debug_info</name>
         <load_address>0xb335</load_address>
         <run_address>0xb335</run_address>
         <size>0x16f</size>
         <input_file_ref idref="fl-153"/>
      </object_component>
      <object_component id="oc-2a9">
         <name>.debug_info</name>
         <load_address>0xb4a4</load_address>
         <run_address>0xb4a4</run_address>
         <size>0x6f</size>
         <input_file_ref idref="fl-153"/>
      </object_component>
      <object_component id="oc-1be">
         <name>.debug_info</name>
         <load_address>0xb513</load_address>
         <run_address>0xb513</run_address>
         <size>0x11b</size>
         <input_file_ref idref="fl-154"/>
      </object_component>
      <object_component id="oc-2a6">
         <name>.debug_info</name>
         <load_address>0xb62e</load_address>
         <run_address>0xb62e</run_address>
         <size>0xfd</size>
         <input_file_ref idref="fl-155"/>
      </object_component>
      <object_component id="oc-277">
         <name>.debug_info</name>
         <load_address>0xb72b</load_address>
         <run_address>0xb72b</run_address>
         <size>0x154</size>
         <input_file_ref idref="fl-155"/>
      </object_component>
      <object_component id="oc-2c0">
         <name>.debug_info</name>
         <load_address>0xb87f</load_address>
         <run_address>0xb87f</run_address>
         <size>0x2c</size>
         <input_file_ref idref="fl-155"/>
      </object_component>
      <object_component id="oc-2bd">
         <name>.debug_info</name>
         <load_address>0xb8ab</load_address>
         <run_address>0xb8ab</run_address>
         <size>0x11d</size>
         <input_file_ref idref="fl-156"/>
      </object_component>
      <object_component id="oc-2ba">
         <name>.debug_info</name>
         <load_address>0xb9c8</load_address>
         <run_address>0xb9c8</run_address>
         <size>0xdb</size>
         <input_file_ref idref="fl-156"/>
      </object_component>
      <object_component id="oc-2a1">
         <name>.debug_info</name>
         <load_address>0xbaa3</load_address>
         <run_address>0xbaa3</run_address>
         <size>0x16a</size>
         <input_file_ref idref="fl-156"/>
      </object_component>
      <object_component id="oc-250">
         <name>.debug_info</name>
         <load_address>0xbc0d</load_address>
         <run_address>0xbc0d</run_address>
         <size>0xcc</size>
         <input_file_ref idref="fl-157"/>
      </object_component>
      <object_component id="oc-1df">
         <name>.debug_info</name>
         <load_address>0xbcd9</load_address>
         <run_address>0xbcd9</run_address>
         <size>0x16e</size>
         <input_file_ref idref="fl-157"/>
      </object_component>
      <object_component id="oc-24e">
         <name>.debug_info</name>
         <load_address>0xbe47</load_address>
         <run_address>0xbe47</run_address>
         <size>0xd1</size>
         <input_file_ref idref="fl-158"/>
      </object_component>
      <object_component id="oc-1d9">
         <name>.debug_info</name>
         <load_address>0xbf18</load_address>
         <run_address>0xbf18</run_address>
         <size>0x199</size>
         <input_file_ref idref="fl-158"/>
      </object_component>
      <object_component id="oc-271">
         <name>.debug_info</name>
         <load_address>0xc0b1</load_address>
         <run_address>0xc0b1</run_address>
         <size>0xc6</size>
         <input_file_ref idref="fl-159"/>
      </object_component>
      <object_component id="oc-21a">
         <name>.debug_info</name>
         <load_address>0xc177</load_address>
         <run_address>0xc177</run_address>
         <size>0x14d</size>
         <input_file_ref idref="fl-159"/>
      </object_component>
      <object_component id="oc-290">
         <name>.debug_info</name>
         <load_address>0xc2c4</load_address>
         <run_address>0xc2c4</run_address>
         <size>0x111</size>
         <input_file_ref idref="fl-15a"/>
      </object_component>
      <object_component id="oc-239">
         <name>.debug_info</name>
         <load_address>0xc3d5</load_address>
         <run_address>0xc3d5</run_address>
         <size>0x192</size>
         <input_file_ref idref="fl-15a"/>
      </object_component>
      <object_component id="oc-28e">
         <name>.debug_info</name>
         <load_address>0xc567</load_address>
         <run_address>0xc567</run_address>
         <size>0x164</size>
         <input_file_ref idref="fl-15b"/>
      </object_component>
      <object_component id="oc-28b">
         <name>.debug_info</name>
         <load_address>0xc6cb</load_address>
         <run_address>0xc6cb</run_address>
         <size>0xcb</size>
         <input_file_ref idref="fl-15b"/>
      </object_component>
      <object_component id="oc-231">
         <name>.debug_info</name>
         <load_address>0xc796</load_address>
         <run_address>0xc796</run_address>
         <size>0x4d1</size>
         <input_file_ref idref="fl-15b"/>
      </object_component>
      <object_component id="oc-284">
         <name>.debug_info</name>
         <load_address>0xcc67</load_address>
         <run_address>0xcc67</run_address>
         <size>0x109</size>
         <input_file_ref idref="fl-15c"/>
      </object_component>
      <object_component id="oc-288">
         <name>.debug_info</name>
         <load_address>0xcd70</load_address>
         <run_address>0xcd70</run_address>
         <size>0x1a5</size>
         <input_file_ref idref="fl-15d"/>
      </object_component>
      <object_component id="oc-2f2">
         <name>.debug_info</name>
         <load_address>0xcf15</load_address>
         <run_address>0xcf15</run_address>
         <size>0xb5</size>
      </object_component>
      <object_component id="oc-26f">
         <name>.debug_line</name>
         <load_address>0x0</load_address>
         <run_address>0x0</run_address>
         <size>0x2c</size>
         <input_file_ref idref="fl-2"/>
      </object_component>
      <object_component id="oc-18f">
         <name>.debug_line</name>
         <load_address>0x2c</load_address>
         <run_address>0x2c</run_address>
         <size>0x2c</size>
         <input_file_ref idref="fl-2"/>
      </object_component>
      <object_component id="oc-199">
         <name>.debug_line</name>
         <load_address>0x58</load_address>
         <run_address>0x58</run_address>
         <size>0x2c</size>
         <input_file_ref idref="fl-2"/>
      </object_component>
      <object_component id="oc-197">
         <name>.debug_line</name>
         <load_address>0x84</load_address>
         <run_address>0x84</run_address>
         <size>0x2c</size>
         <input_file_ref idref="fl-2"/>
      </object_component>
      <object_component id="oc-19b">
         <name>.debug_line</name>
         <load_address>0xb0</load_address>
         <run_address>0xb0</run_address>
         <size>0x2c</size>
         <input_file_ref idref="fl-2"/>
      </object_component>
      <object_component id="oc-f6">
         <name>.debug_line</name>
         <load_address>0xdc</load_address>
         <run_address>0xdc</run_address>
         <size>0x148</size>
         <input_file_ref idref="fl-2"/>
      </object_component>
      <object_component id="oc-193">
         <name>.debug_line</name>
         <load_address>0x224</load_address>
         <run_address>0x224</run_address>
         <size>0x2c</size>
         <input_file_ref idref="fl-2"/>
      </object_component>
      <object_component id="oc-1a1">
         <name>.debug_line</name>
         <load_address>0x250</load_address>
         <run_address>0x250</run_address>
         <size>0x2d</size>
         <input_file_ref idref="fl-2"/>
      </object_component>
      <object_component id="oc-7a">
         <name>.debug_line</name>
         <load_address>0x27d</load_address>
         <run_address>0x27d</run_address>
         <size>0x20</size>
         <input_file_ref idref="fl-2"/>
      </object_component>
      <object_component id="oc-7f">
         <name>.debug_line</name>
         <load_address>0x29d</load_address>
         <run_address>0x29d</run_address>
         <size>0x60</size>
         <input_file_ref idref="fl-2"/>
      </object_component>
      <object_component id="oc-8f">
         <name>.debug_line</name>
         <load_address>0x2fd</load_address>
         <run_address>0x2fd</run_address>
         <size>0x60</size>
         <input_file_ref idref="fl-2"/>
      </object_component>
      <object_component id="oc-d8">
         <name>.debug_line</name>
         <load_address>0x35d</load_address>
         <run_address>0x35d</run_address>
         <size>0xb2</size>
         <input_file_ref idref="fl-3"/>
      </object_component>
      <object_component id="oc-13c">
         <name>.debug_line</name>
         <load_address>0x40f</load_address>
         <run_address>0x40f</run_address>
         <size>0x20</size>
         <input_file_ref idref="fl-3"/>
      </object_component>
      <object_component id="oc-19d">
         <name>.debug_line</name>
         <load_address>0x42f</load_address>
         <run_address>0x42f</run_address>
         <size>0x149</size>
         <input_file_ref idref="fl-5"/>
      </object_component>
      <object_component id="oc-1d7">
         <name>.debug_line</name>
         <load_address>0x578</load_address>
         <run_address>0x578</run_address>
         <size>0x2d</size>
         <input_file_ref idref="fl-5"/>
      </object_component>
      <object_component id="oc-a2">
         <name>.debug_line</name>
         <load_address>0x5a5</load_address>
         <run_address>0x5a5</run_address>
         <size>0x1e0</size>
         <input_file_ref idref="fl-5"/>
      </object_component>
      <object_component id="oc-d4">
         <name>.debug_line</name>
         <load_address>0x785</load_address>
         <run_address>0x785</run_address>
         <size>0xc4</size>
         <input_file_ref idref="fl-6"/>
      </object_component>
      <object_component id="oc-76">
         <name>.debug_line</name>
         <load_address>0x849</load_address>
         <run_address>0x849</run_address>
         <size>0x41</size>
         <input_file_ref idref="fl-7"/>
      </object_component>
      <object_component id="oc-31">
         <name>.debug_line</name>
         <load_address>0x88a</load_address>
         <run_address>0x88a</run_address>
         <size>0x41</size>
         <input_file_ref idref="fl-7"/>
      </object_component>
      <object_component id="oc-2f">
         <name>.debug_line</name>
         <load_address>0x8cb</load_address>
         <run_address>0x8cb</run_address>
         <size>0xa1</size>
         <input_file_ref idref="fl-7"/>
      </object_component>
      <object_component id="oc-214">
         <name>.debug_line</name>
         <load_address>0x96c</load_address>
         <run_address>0x96c</run_address>
         <size>0x56</size>
         <input_file_ref idref="fl-8"/>
      </object_component>
      <object_component id="oc-e0">
         <name>.debug_line</name>
         <load_address>0x9c2</load_address>
         <run_address>0x9c2</run_address>
         <size>0x19e</size>
         <input_file_ref idref="fl-8"/>
      </object_component>
      <object_component id="oc-1ff">
         <name>.debug_line</name>
         <load_address>0xb60</load_address>
         <run_address>0xb60</run_address>
         <size>0x82</size>
         <input_file_ref idref="fl-e"/>
      </object_component>
      <object_component id="oc-258">
         <name>.debug_line</name>
         <load_address>0xbe2</load_address>
         <run_address>0xbe2</run_address>
         <size>0x7d</size>
         <input_file_ref idref="fl-e"/>
      </object_component>
      <object_component id="oc-25a">
         <name>.debug_line</name>
         <load_address>0xc5f</load_address>
         <run_address>0xc5f</run_address>
         <size>0x7d</size>
         <input_file_ref idref="fl-e"/>
      </object_component>
      <object_component id="oc-e7">
         <name>.debug_line</name>
         <load_address>0xcdc</load_address>
         <run_address>0xcdc</run_address>
         <size>0x92</size>
         <input_file_ref idref="fl-e"/>
      </object_component>
      <object_component id="oc-15f">
         <name>.debug_line</name>
         <load_address>0xd6e</load_address>
         <run_address>0xd6e</run_address>
         <size>0xa9</size>
         <input_file_ref idref="fl-e"/>
      </object_component>
      <object_component id="oc-c3">
         <name>.debug_line</name>
         <load_address>0xe17</load_address>
         <run_address>0xe17</run_address>
         <size>0x99</size>
         <input_file_ref idref="fl-e"/>
      </object_component>
      <object_component id="oc-c9">
         <name>.debug_line</name>
         <load_address>0xeb0</load_address>
         <run_address>0xeb0</run_address>
         <size>0x92</size>
         <input_file_ref idref="fl-e"/>
      </object_component>
      <object_component id="oc-ed">
         <name>.debug_line</name>
         <load_address>0xf42</load_address>
         <run_address>0xf42</run_address>
         <size>0x92</size>
         <input_file_ref idref="fl-e"/>
      </object_component>
      <object_component id="oc-25e">
         <name>.debug_line</name>
         <load_address>0xfd4</load_address>
         <run_address>0xfd4</run_address>
         <size>0x7c</size>
         <input_file_ref idref="fl-f"/>
      </object_component>
      <object_component id="oc-260">
         <name>.debug_line</name>
         <load_address>0x1050</load_address>
         <run_address>0x1050</run_address>
         <size>0x82</size>
         <input_file_ref idref="fl-f"/>
      </object_component>
      <object_component id="oc-25c">
         <name>.debug_line</name>
         <load_address>0x10d2</load_address>
         <run_address>0x10d2</run_address>
         <size>0x82</size>
         <input_file_ref idref="fl-f"/>
      </object_component>
      <object_component id="oc-164">
[...]
         <name>UARTType</name>
         <value>0x20000774</value>
      </symbol>
      <symbol id="sm-161">
         <name>str</name>
         <value>0x20000760</value>
      </symbol>
      <symbol id="sm-162">
         <name>piece1</name>
         <value>0x20000738</value>
      </symbol>
      <symbol id="sm-163">
         <name>piece2</name>
         <value>0x2000074c</value>
      </symbol>
      <symbol id="sm-164">
         <name>p</name>
         <value>0x2000078c</value>
      </symbol>
      <symbol id="sm-165">
         <name>a</name>
         <value>0x20000784</value>
      </symbol>
      <symbol id="sm-166">
         <name>b</name>
         <value>0x20000788</value>
      </symbol>
      <symbol id="sm-167">
         <name>config_pid_timer</name>
         <value>0x377</value>
         <object_component_ref idref="oc-9d"/>
      </symbol>
      <symbol id="sm-168">
         <name>pid_parm_init</name>
         <value>0x2fb</value>
         <object_component_ref idref="oc-9d"/>
      </symbol>
      <symbol id="sm-169">
         <name>t</name>
         <value>0x20000624</value>
         <object_component_ref idref="oc-123"/>
      </symbol>
      <symbol id="sm-16a">
         <name>speed_check</name>
         <value>0x20000620</value>
         <object_component_ref idref="oc-123"/>
      </symbol>
      <symbol id="sm-16b">
         <name>uart_parma_init</name>
         <value>0x3f9</value>
         <object_component_ref idref="oc-9d"/>
      </symbol>
      <symbol id="sm-16c">
         <name>main</name>
         <value>0x421</value>
         <object_component_ref idref="oc-9d"/>
      </symbol>
      <symbol id="sm-16d">
         <name>io_init</name>
         <value>0x26d</value>
         <object_component_ref idref="oc-9d"/>
      </symbol>
      <symbol id="sm-16e">
         <name>right_speed_set</name>
         <value>0x2000062c</value>
         <object_component_ref idref="oc-123"/>
      </symbol>
      <symbol id="sm-16f">
         <name>set_point</name>
         <value>0x20000608</value>
         <object_component_ref idref="oc-123"/>
      </symbol>
      <symbol id="sm-170">
         <name>state_start</name>
         <value>0x20000630</value>
         <object_component_ref idref="oc-123"/>
      </symbol>
      <symbol id="sm-171">
         <name>state_begin</name>
         <value>0x20000631</value>
         <object_component_ref idref="oc-123"/>
      </symbol>
      <symbol id="sm-172">
         <name>left_speed_set</name>
         <value>0x20000628</value>
         <object_component_ref idref="oc-123"/>
      </symbol>
      <symbol id="sm-173">
         <name>NumSpdSet</name>
         <value>0x20000614</value>
         <object_component_ref idref="oc-123"/>
      </symbol>
      <symbol id="sm-174">
         <name>pos_motor_right</name>
         <value>0x20000610</value>
         <object_component_ref idref="oc-123"/>
      </symbol>
      <symbol id="sm-175">
         <name>speed_motor_0</name>
         <value>0x20000618</value>
         <object_component_ref idref="oc-123"/>
      </symbol>
      <symbol id="sm-176">
         <name>speed_motor_1</name>
         <value>0x2000061c</value>
         <object_component_ref idref="oc-123"/>
      </symbol>
      <symbol id="sm-177">
         <name>strtoint</name>
         <value>0x6c1</value>
         <object_component_ref idref="oc-9d"/>
      </symbol>
      <symbol id="sm-178">
         <name>pos_motor_left</name>
         <value>0x2000060c</value>
         <object_component_ref idref="oc-123"/>
      </symbol>
      <symbol id="sm-19a">
         <name>qei_init</name>
         <value>0x1f3d</value>
         <object_component_ref idref="oc-d0"/>
      </symbol>
      <symbol id="sm-19b">
         <name>qei_getPosLeft</name>
         <value>0x207f</value>
         <object_component_ref idref="oc-d0"/>
      </symbol>
      <symbol id="sm-19c">
         <name>qei_setPosLeft</name>
         <value>0x209f</value>
         <object_component_ref idref="oc-d0"/>
      </symbol>
      <symbol id="sm-19d">
         <name>qei_setPosRight</name>
         <value>0x20b3</value>
         <object_component_ref idref="oc-d0"/>
      </symbol>
      <symbol id="sm-19e">
         <name>qei_getPosRight</name>
         <value>0x208f</value>
         <object_component_ref idref="oc-d0"/>
      </symbol>
      <symbol id="sm-1ba">
         <name>ResetISR</name>
         <value>0x2fff</value>
         <object_component_ref idref="oc-2a"/>
      </symbol>
      <symbol id="sm-1bb">
         <name>g_pfnVectors</name>
         <value>0x0</value>
         <object_component_ref idref="oc-f"/>
      </symbol>
      <symbol id="sm-213">
         <name>uart_init</name>
         <value>0xdb9</value>
         <object_component_ref idref="oc-dc"/>
      </symbol>
      <symbol id="sm-214">
         <name>CheckNetworkFrame</name>
         <value>0x11e9</value>
         <object_component_ref idref="oc-dc"/>
      </symbol>
      <symbol id="sm-215">
         <name>uart_put_str</name>
         <value>0x10a5</value>
         <object_component_ref idref="oc-dc"/>
      </symbol>
      <symbol id="sm-216">
         <name>uart_put_num</name>
         <value>0x112d</value>
         <object_component_ref idref="oc-dc"/>
      </symbol>
      <symbol id="sm-25a">
         <name>GPIOIntRegister</name>
         <value>0x2f3d</value>
         <object_component_ref idref="oc-be"/>
      </symbol>
      <symbol id="sm-25b">
         <name>GPIOIntEnable</name>
         <value>0x2fe7</value>
         <object_component_ref idref="oc-c4"/>
      </symbol>
      <symbol id="sm-25c">
         <name>GPIOIntClear</name>
         <value>0x300b</value>
         <object_component_ref idref="oc-e8"/>
      </symbol>
      <symbol id="sm-25d">
         <name>GPIOPinRead</name>
         <value>0x3011</value>
         <object_component_ref idref="oc-e2"/>
      </symbol>
      <symbol id="sm-296">
         <name>IntEnable</name>
         <value>0x2a01</value>
         <object_component_ref idref="oc-166"/>
      </symbol>
      <symbol id="sm-297">
         <name>IntRegister</name>
         <value>0x2dc1</value>
         <object_component_ref idref="oc-160"/>
      </symbol>
      <symbol id="sm-298">
         <name>g_pfnRAMVectors</name>
         <value>0x20000000</value>
         <object_component_ref idref="oc-1f5"/>
      </symbol>
      <symbol id="sm-2c4">
         <name>TimerIntRegister</name>
         <value>0x2f55</value>
         <object_component_ref idref="oc-ca"/>
      </symbol>
      <symbol id="sm-2f0">
         <name>UARTIntRegister</name>
         <value>0x2f6d</value>
         <object_component_ref idref="oc-183"/>
      </symbol>
      <symbol id="sm-303">
         <name>_c_int00</name>
         <value>0x2ad1</value>
         <object_component_ref idref="oc-24"/>
      </symbol>
      <symbol id="sm-304">
         <name>__stack</name>
         <value>0x2000026c</value>
         <object_component_ref idref="oc-29"/>
      </symbol>
      <symbol id="sm-31b">
         <name>__TI_decompress_none</name>
         <value>0x2fd9</value>
         <object_component_ref idref="oc-12"/>
      </symbol>
      <symbol id="sm-33e">
         <name>__TI_decompress_rle24</name>
         <value>0x3017</value>
         <object_component_ref idref="oc-18"/>
      </symbol>
      <symbol id="sm-350">
         <name>__TI_zero_init</name>
         <value>0x2ff3</value>
         <object_component_ref idref="oc-1e"/>
      </symbol>
      <symbol id="sm-36f">
         <name>C$$EXIT</name>
         <value>0x2c01</value>
         <object_component_ref idref="oc-6a"/>
      </symbol>
      <symbol id="sm-370">
         <name>abort</name>
         <value>0x2c05</value>
         <object_component_ref idref="oc-6a"/>
      </symbol>
      <symbol id="sm-371">
         <name>exit</name>
         <value>0x2c0d</value>
         <object_component_ref idref="oc-6a"/>
      </symbol>
      <symbol id="sm-372">
         <name>__TI_dtors_ptr</name>
         <value>0x20000640</value>
         <object_component_ref idref="oc-a8"/>
      </symbol>
      <symbol id="sm-373">
         <name>__TI_cleanup_ptr</name>
         <value>0x2000063c</value>
         <object_component_ref idref="oc-a8"/>
      </symbol>
      <symbol id="sm-397">
         <name>__aeabi_dsub</name>
         <value>0x2115</value>
         <object_component_ref idref="oc-119"/>
      </symbol>
      <symbol id="sm-398">
         <name>__aeabi_dadd</name>
         <value>0x211f</value>
         <object_component_ref idref="oc-119"/>
      </symbol>
      <symbol id="sm-3af">
         <name>__aeabi_dmul</name>
         <value>0x2511</value>
         <object_component_ref idref="oc-114"/>
      </symbol>
      <symbol id="sm-3bd">
         <name>__aeabi_d2iz</name>
         <value>0x2bb9</value>
         <object_component_ref idref="oc-11e"/>
      </symbol>
      <symbol id="sm-3ca">
         <name>__aeabi_d2uiz</name>
         <value>0x2c45</value>
         <object_component_ref idref="oc-17d"/>
      </symbol>
      <symbol id="sm-3d6">
         <name>__aeabi_i2d</name>
         <value>0x2e59</value>
         <object_component_ref idref="oc-109"/>
      </symbol>
      <symbol id="sm-3f1">
         <name>memcpy</name>
         <value>0x278b</value>
         <object_component_ref idref="oc-33"/>
      </symbol>
      <symbol id="sm-3f2">
         <name>__aeabi_memcpy</name>
         <value>0x278b</value>
         <object_component_ref idref="oc-33"/>
      </symbol>
      <symbol id="sm-3f3">
         <name>__aeabi_memcpy8</name>
         <value>0x278b</value>
         <object_component_ref idref="oc-33"/>
      </symbol>
      <symbol id="sm-3f4">
         <name>__aeabi_memcpy4</name>
         <value>0x278b</value>
         <object_component_ref idref="oc-33"/>
      </symbol>
      <symbol id="sm-403">
         <name>__aeabi_memset</name>
         <value>0x28af</value>
         <object_component_ref idref="oc-4c"/>
      </symbol>
      <symbol id="sm-404">
         <name>memset</name>
         <value>0x28b5</value>
         <object_component_ref idref="oc-4c"/>
      </symbol>
      <symbol id="sm-405">
         <name>__aeabi_memset8</name>
         <value>0x28af</value>
         <object_component_ref idref="oc-4c"/>
      </symbol>
      <symbol id="sm-406">
         <name>__aeabi_memset4</name>
         <value>0x28af</value>
         <object_component_ref idref="oc-4c"/>
      </symbol>
      <symbol id="sm-407">
         <name>__aeabi_memclr8</name>
         <value>0x28ad</value>
         <object_component_ref idref="oc-4c"/>
      </symbol>
      <symbol id="sm-408">
         <name>__aeabi_memclr4</name>
         <value>0x28ad</value>
         <object_component_ref idref="oc-4c"/>
      </symbol>
      <symbol id="sm-409">
         <name>__aeabi_memclr</name>
         <value>0x28ad</value>
         <object_component_ref idref="oc-4c"/>
      </symbol>
      <symbol id="sm-45e">
         <name>pow</name>
         <value>0x125d</value>
         <object_component_ref idref="oc-10e"/>
      </symbol>
      <symbol id="sm-468">
         <name>_system_pre_init</name>
         <value>0x301d</value>
         <object_component_ref idref="oc-58"/>
      </symbol>
      <symbol id="sm-470">
         <name>main_func_sp</name>
         <value>0x20000650</value>
         <object_component_ref idref="oc-70"/>
      </symbol>
      <symbol id="sm-47e">
         <name>strcpy</name>
         <value>0x2fb1</value>
         <object_component_ref idref="oc-12c"/>
      </symbol>
      <symbol id="sm-48c">
         <name>strlen</name>
         <value>0x2fc5</value>
         <object_component_ref idref="oc-103"/>
      </symbol>
      <symbol id="sm-4a4">
         <name>strtok</name>
         <value>0x2d49</value>
         <object_component_ref idref="oc-126"/>
      </symbol>
      <symbol id="sm-4b0">
         <name>__aeabi_ui2d</name>
         <value>0x2f03</value>
         <object_component_ref idref="oc-178"/>
      </symbol>
      <symbol id="sm-4cf">
         <name>_Dint</name>
         <value>0x260d</value>
         <object_component_ref idref="oc-1ac"/>
      </symbol>
      <symbol id="sm-4e3">
         <name>_Dunscale</name>
         <value>0x2a69</value>
         <object_component_ref idref="oc-1a6"/>
      </symbol>
      <symbol id="sm-517">
         <name>_Exp</name>
         <value>0x1d41</value>
         <object_component_ref idref="oc-1c8"/>
      </symbol>
      <symbol id="sm-526">
         <name>_Feraise</name>
         <value>0x2e29</value>
         <object_component_ref idref="oc-1b7"/>
      </symbol>
      <symbol id="sm-536">
         <name>_Rteps</name>
         <value>0x20000580</value>
         <object_component_ref idref="oc-1ce"/>
      </symbol>
      <symbol id="sm-537">
         <name>_Zero</name>
         <value>0x20000598</value>
         <object_component_ref idref="oc-1ce"/>
      </symbol>
      <symbol id="sm-538">
         <name>_Hugeval</name>
         <value>0x20000540</value>
         <object_component_ref idref="oc-1ce"/>
      </symbol>
      <symbol id="sm-539">
         <name>_Snan</name>
         <value>0x20000570</value>
         <object_component_ref idref="oc-1ce"/>
      </symbol>
      <symbol id="sm-53a">
         <name>_Nan</name>
         <value>0x20000560</value>
         <object_component_ref idref="oc-1ce"/>
      </symbol>
      <symbol id="sm-53b">
         <name>_Inf</name>
         <value>0x20000550</value>
         <object_component_ref idref="oc-1ce"/>
      </symbol>
      <symbol id="sm-53c">
         <name>_Xbig</name>
         <value>0x20000590</value>
         <object_component_ref idref="oc-1ce"/>
      </symbol>
      <symbol id="sm-53d">
         <name>_Eps</name>
         <value>0x20000530</value>
         <object_component_ref idref="oc-1ce"/>
      </symbol>
      <symbol id="sm-53e">
         <name>_Denorm</name>
         <value>0x20000520</value>
         <object_component_ref idref="oc-1ce"/>
      </symbol>
      <symbol id="sm-557">
         <name>_nop</name>
         <value>0x2fab</value>
         <object_component_ref idref="oc-145"/>
      </symbol>
      <symbol id="sm-558">
         <name>_lock</name>
         <value>0x20000634</value>
         <object_component_ref idref="oc-a5"/>
      </symbol>
      <symbol id="sm-559">
         <name>_unlock</name>
         <value>0x20000638</value>
         <object_component_ref idref="oc-a5"/>
      </symbol>
      <symbol id="sm-55a">
         <name>_register_lock</name>
         <value>0x2fa3</value>
         <object_component_ref idref="oc-145"/>
      </symbol>
      <symbol id="sm-55b">
         <name>_register_unlock</name>
         <value>0x2f9d</value>
         <object_component_ref idref="oc-145"/>
      </symbol>
      <symbol id="sm-570">
         <name>_args_main</name>
         <value>0x2f85</value>
         <object_component_ref idref="oc-64"/>
      </symbol>
      <symbol id="sm-596">
         <name>__TI_auto_init</name>
         <value>0x2929</value>
         <object_component_ref idref="oc-5e"/>
      </symbol>
      <symbol id="sm-5b0">
         <name>copy_in</name>
         <value>0x2b6d</value>
         <object_component_ref idref="oc-95"/>
      </symbol>
      <symbol id="sm-5b8">
         <name>_Errno</name>
         <value>0x2000064c</value>
         <object_component_ref idref="oc-22c"/>
      </symbol>
      <symbol id="sm-5cf">
         <name>__aeabi_cdcmpeq</name>
         <value>0x2827</value>
         <object_component_ref idref="oc-1b2"/>
      </symbol>
      <symbol id="sm-5d0">
         <name>__aeabi_cdcmple</name>
         <value>0x2827</value>
         <object_component_ref idref="oc-1b2"/>
      </symbol>
      <symbol id="sm-5f0">
         <name>__aeabi_ddiv</name>
         <value>0x22cb</value>
         <object_component_ref idref="oc-1c3"/>
      </symbol>
      <symbol id="sm-60e">
         <name>feraiseexcept</name>
         <value>0x2df5</value>
         <object_component_ref idref="oc-226"/>
      </symbol>
      <symbol id="sm-60f">
         <name>_Tls_setup__Fenv</name>
         <value>0x20000648</value>
         <object_component_ref idref="oc-27c"/>
      </symbol>
      <symbol id="sm-610">
         <name>_Fenv</name>
         <value>0x20000644</value>
         <object_component_ref idref="oc-27c"/>
      </symbol>
      <symbol id="sm-61a">
         <name>log</name>
         <value>0x2f23</value>
         <object_component_ref idref="oc-1bd"/>
      </symbol>
      <symbol id="sm-62e">
         <name>raise</name>
         <value>0x2e87</value>
         <object_component_ref idref="oc-276"/>
      </symbol>
      <symbol id="sm-648">
         <name>signal</name>
         <value>0x2d09</value>
         <object_component_ref idref="oc-29f"/>
      </symbol>
      <symbol id="sm-659">
         <name>strcspn</name>
         <value>0x2edf</value>
         <object_component_ref idref="oc-1de"/>
      </symbol>
      <symbol id="sm-66b">
         <name>strspn</name>
         <value>0x2eb5</value>
         <object_component_ref idref="oc-1d8"/>
      </symbol>
      <symbol id="sm-680">
         <name>_Dnorm</name>
         <value>0x26cd</value>
         <object_component_ref idref="oc-219"/>
      </symbol>
      <symbol id="sm-69c">
         <name>_Dscale</name>
         <value>0x2401</value>
         <object_component_ref idref="oc-238"/>
      </symbol>
      <symbol id="sm-6cc">
         <name>_Log</name>
         <value>0x1a55</value>
         <object_component_ref idref="oc-230"/>
      </symbol>
      <symbol id="sm-6da">
         <name>__aeabi_f2d</name>
         <value>0x2d89</value>
         <object_component_ref idref="oc-282"/>
      </symbol>
      <symbol id="sm-6e9">
         <name>_FZero</name>
         <value>0x20000604</value>
         <object_component_ref idref="oc-287"/>
      </symbol>
      <symbol id="sm-6ea">
         <name>_FRteps</name>
         <value>0x200005f0</value>
         <object_component_ref idref="oc-287"/>
      </symbol>
      <symbol id="sm-6eb">
         <name>_FSnan</name>
         <value>0x200005e0</value>
         <object_component_ref idref="oc-287"/>
      </symbol>
      <symbol id="sm-6ec">
         <name>_FNan</name>
         <value>0x200005d0</value>
         <object_component_ref idref="oc-287"/>
      </symbol>
      <symbol id="sm-6ed">
         <name>_FInf</name>
         <value>0x200005c0</value>
         <object_component_ref idref="oc-287"/>
      </symbol>
      <symbol id="sm-6ee">
         <name>_FEps</name>
         <value>0x200005b0</value>
         <object_component_ref idref="oc-287"/>
      </symbol>
      <symbol id="sm-6ef">
         <name>_FXbig</name>
         <value>0x20000600</value>
         <object_component_ref idref="oc-287"/>
      </symbol>
      <symbol id="sm-6f0">
         <name>_FDenorm</name>
         <value>0x200005a0</value>
         <object_component_ref idref="oc-287"/>
      </symbol>
      <symbol id="sm-6f1">
         <name>__TI_static_base__</name>
         <value>0x0</value>
      </symbol>
      <symbol id="sm-6f4">
         <name>SHT$$INIT_ARRAY$$Limit</name>
         <value>0x0</value>
      </symbol>
      <symbol id="sm-6f5">
         <name>SHT$$INIT_ARRAY$$Base</name>
         <value>0x0</value>
      </symbol>
   </symbol_table>
   <title>Link successful</title>
</link_info>
